<html>
<body>
<pre>
<h1>µVision Build Log</h1>
<h2>Tool Versions:</h2>
IDE-Version: ¦ÌVision V5.25.2.0
Copyright (C) 2018 ARM Ltd and ARM Germany GmbH. All rights reserved.
License Information: qw 2651221600@qq.com, qw, LIC=FYKYW-QK7T0-BS1YX-HIJUL-ULX24-GUCSD
 
Tool Versions:
Toolchain:       MDK-ARM Plus  Version: 5.25.2.0
Toolchain Path:  F:\keil5\ARM\ARMCC\Bin
C Compiler:      Armcc.exe V5.06 update 6 (build 750)
Assembler:       Armasm.exe V5.06 update 6 (build 750)
Linker/Locator:  ArmLink.exe V5.06 update 6 (build 750)
Library Manager: ArmAr.exe V5.06 update 6 (build 750)
Hex Converter:   FromElf.exe V5.06 update 6 (build 750)
CPU DLL:         SARMCM3.DLL V5.25.2.0
Dialog DLL:      DCM.DLL V1.17.1.0
Target DLL:      STLink\ST-LINKIII-KEIL_SWO.dll V3.0.1.0
Dialog DLL:      TCM.DLL V1.35.1.0
 
<h2>Project:</h2>
E:\26512VSS\source\repos\IAP\IAPWinForms_phase3\firmware\stm32F405RGT6-RedPic1-APP2\USER\LCD.uvprojx
Project File Date:  04/17/2026

<h2>Output:</h2>
*** Using Compiler 'V5.06 update 6 (build 750)', folder: 'F:\keil5\ARM\ARMCC\Bin'
Build target 'OLED'
compiling low_power_runtime.c...
compiling app_display_runtime.c...
compiling redpic1_app.c...
compiling redpic1_thermal.c...
..\..\stm32F405RGT6-RedPic1-APP-common\APP\redpic1_thermal.c(264): warning:  #550-D: variable "s_last_capture_tick_ms"  was set but never used
  static uint32_t s_last_capture_tick_ms = 0U;
..\..\stm32F405RGT6-RedPic1-APP-common\APP\redpic1_thermal.c(491): warning:  #177-D: function "redpic1_thermal_submit_snapshot_to_esp"  was declared but never referenced
  static uint8_t redpic1_thermal_submit_snapshot_to_esp(void)
..\..\stm32F405RGT6-RedPic1-APP-common\APP\redpic1_thermal.c(548): warning:  #177-D: function "redpic1_thermal_enforce_display_window_min_span"  was declared but never referenced
  static void redpic1_thermal_enforce_display_window_min_span(float *window_min_temp,
..\..\stm32F405RGT6-RedPic1-APP-common\APP\redpic1_thermal.c: 3 warnings, 0 errors
compiling lcd_dma.c...
compiling page_registry.c...
linking...
Program Size: Code=120428 RO-data=23600 RW-data=40372 ZI-data=87820  
FromELF: creating hex file...
After Build - User command #1: F:\keil5\ARM\ARMCC\bin\fromelf.exe --bin -o  E:\26512VSS\source\repos\IAP\IAPWinForms_phase3\ota-release\keys\LCD_app2.bin  ..\OBJ\RedPic1_APP2.axf
"..\OBJ\RedPic1_APP2.axf" - 0 Error(s), 3 Warning(s).

<h2>Software Packages used:</h2>

Package Vendor: Keil
                https://www.keil.com/pack/Keil.STM32F4xx_DFP.2.17.1.pack
                Keil.STM32F4xx_DFP.2.17.1
                STMicroelectronics STM32F4 Series Device Support, Drivers and Examples

<h2>Collection of Component include folders:</h2>
  .\RTE\_OLED
  F:\keil5\ARM\PACK\Keil\STM32F4xx_DFP\2.17.1\Drivers\CMSIS\Device\ST\STM32F4xx\Include

<h2>Collection of Component Files used:</h2>
Build Time Elapsed:  00:00:02
</pre>
</body>
</html>
