<!doctype html public "-//w3c//dtd html 4.0 transitional//en">
<html><head>
<title>Static Call Graph - [..\OBJ\LCD.axf]</title></head>
<body><HR>
<H1>Static Call Graph for image ..\OBJ\LCD.axf</H1><HR>
<BR><P>#&#060CALLGRAPH&#062# ARM Linker, 5060750: Last Updated: Mon Apr 20 23:36:06 2026
<BR><P>
<H3>Maximum Stack Usage =       3648 bytes + Unknown(Functions without stacksize, Cycles, Untraceable Function Pointers)</H3><H3>
Call chain for Maximum Stack Depth:</H3>
__rt_entry_main &rArr; main &rArr; iap_boot_entry &rArr; iap_main &rArr; iap_authorize_received_image &rArr; ota_rsa_verify_signature &rArr; ota_rsa_mod_mul &rArr; ota_rsa_mod_double_inplace &rArr; ota_rsa_words_sub_inplace
<P>
<H3>
Functions with no stack information
</H3><UL>
 <LI><a href="#[1d5]">__user_initial_stackheap</a>
</UL>
</UL>
<P>
<H3>
Mutually Recursive functions
</H3> <LI><a href="#[1e]">ADC_IRQHandler</a>&nbsp;&nbsp;&nbsp;&rArr;&nbsp;&nbsp;&nbsp;<a href="#[1e]">ADC_IRQHandler</a><BR>
</UL>
<P>
<H3>
Function Pointers
</H3><UL>
 <LI><a href="#[1e]">ADC_IRQHandler</a> from startup_stm32f40_41xxx.o(.text) referenced from startup_stm32f40_41xxx.o(RESET)
 <LI><a href="#[6]">BusFault_Handler</a> from stm32f4xx_it.o(.text) referenced from startup_stm32f40_41xxx.o(RESET)
 <LI><a href="#[20]">CAN1_RX0_IRQHandler</a> from startup_stm32f40_41xxx.o(.text) referenced from startup_stm32f40_41xxx.o(RESET)
 <LI><a href="#[21]">CAN1_RX1_IRQHandler</a> from startup_stm32f40_41xxx.o(.text) referenced from startup_stm32f40_41xxx.o(RESET)
 <LI><a href="#[22]">CAN1_SCE_IRQHandler</a> from startup_stm32f40_41xxx.o(.text) referenced from startup_stm32f40_41xxx.o(RESET)
 <LI><a href="#[1f]">CAN1_TX_IRQHandler</a> from startup_stm32f40_41xxx.o(.text) referenced from startup_stm32f40_41xxx.o(RESET)
 <LI><a href="#[4c]">CAN2_RX0_IRQHandler</a> from startup_stm32f40_41xxx.o(.text) referenced from startup_stm32f40_41xxx.o(RESET)
 <LI><a href="#[4d]">CAN2_RX1_IRQHandler</a> from startup_stm32f40_41xxx.o(.text) referenced from startup_stm32f40_41xxx.o(RESET)
 <LI><a href="#[4e]">CAN2_SCE_IRQHandler</a> from startup_stm32f40_41xxx.o(.text) referenced from startup_stm32f40_41xxx.o(RESET)
 <LI><a href="#[4b]">CAN2_TX_IRQHandler</a> from startup_stm32f40_41xxx.o(.text) referenced from startup_stm32f40_41xxx.o(RESET)
 <LI><a href="#[5b]">CRYP_IRQHandler</a> from startup_stm32f40_41xxx.o(.text) referenced from startup_stm32f40_41xxx.o(RESET)
 <LI><a href="#[5a]">DCMI_IRQHandler</a> from startup_stm32f40_41xxx.o(.text) referenced from startup_stm32f40_41xxx.o(RESET)
 <LI><a href="#[17]">DMA1_Stream0_IRQHandler</a> from startup_stm32f40_41xxx.o(.text) referenced from startup_stm32f40_41xxx.o(RESET)
 <LI><a href="#[18]">DMA1_Stream1_IRQHandler</a> from startup_stm32f40_41xxx.o(.text) referenced from startup_stm32f40_41xxx.o(RESET)
 <LI><a href="#[19]">DMA1_Stream2_IRQHandler</a> from startup_stm32f40_41xxx.o(.text) referenced from startup_stm32f40_41xxx.o(RESET)
 <LI><a href="#[1a]">DMA1_Stream3_IRQHandler</a> from startup_stm32f40_41xxx.o(.text) referenced from startup_stm32f40_41xxx.o(RESET)
 <LI><a href="#[1b]">DMA1_Stream4_IRQHandler</a> from startup_stm32f40_41xxx.o(.text) referenced from startup_stm32f40_41xxx.o(RESET)
 <LI><a href="#[1c]">DMA1_Stream5_IRQHandler</a> from startup_stm32f40_41xxx.o(.text) referenced from startup_stm32f40_41xxx.o(RESET)
 <LI><a href="#[1d]">DMA1_Stream6_IRQHandler</a> from startup_stm32f40_41xxx.o(.text) referenced from startup_stm32f40_41xxx.o(RESET)
 <LI><a href="#[3b]">DMA1_Stream7_IRQHandler</a> from startup_stm32f40_41xxx.o(.text) referenced from startup_stm32f40_41xxx.o(RESET)
 <LI><a href="#[44]">DMA2_Stream0_IRQHandler</a> from startup_stm32f40_41xxx.o(.text) referenced from startup_stm32f40_41xxx.o(RESET)
 <LI><a href="#[45]">DMA2_Stream1_IRQHandler</a> from startup_stm32f40_41xxx.o(.text) referenced from startup_stm32f40_41xxx.o(RESET)
 <LI><a href="#[46]">DMA2_Stream2_IRQHandler</a> from startup_stm32f40_41xxx.o(.text) referenced from startup_stm32f40_41xxx.o(RESET)
 <LI><a href="#[47]">DMA2_Stream3_IRQHandler</a> from startup_stm32f40_41xxx.o(.text) referenced from startup_stm32f40_41xxx.o(RESET)
 <LI><a href="#[48]">DMA2_Stream4_IRQHandler</a> from startup_stm32f40_41xxx.o(.text) referenced from startup_stm32f40_41xxx.o(RESET)
 <LI><a href="#[50]">DMA2_Stream5_IRQHandler</a> from startup_stm32f40_41xxx.o(.text) referenced from startup_stm32f40_41xxx.o(RESET)
 <LI><a href="#[51]">DMA2_Stream6_IRQHandler</a> from startup_stm32f40_41xxx.o(.text) referenced from startup_stm32f40_41xxx.o(RESET)
 <LI><a href="#[52]">DMA2_Stream7_IRQHandler</a> from startup_stm32f40_41xxx.o(.text) referenced from startup_stm32f40_41xxx.o(RESET)
 <LI><a href="#[9]">DebugMon_Handler</a> from stm32f4xx_it.o(.text) referenced from startup_stm32f40_41xxx.o(RESET)
 <LI><a href="#[49]">ETH_IRQHandler</a> from startup_stm32f40_41xxx.o(.text) referenced from startup_stm32f40_41xxx.o(RESET)
 <LI><a href="#[4a]">ETH_WKUP_IRQHandler</a> from startup_stm32f40_41xxx.o(.text) referenced from startup_stm32f40_41xxx.o(RESET)
 <LI><a href="#[12]">EXTI0_IRQHandler</a> from startup_stm32f40_41xxx.o(.text) referenced from startup_stm32f40_41xxx.o(RESET)
 <LI><a href="#[34]">EXTI15_10_IRQHandler</a> from startup_stm32f40_41xxx.o(.text) referenced from startup_stm32f40_41xxx.o(RESET)
 <LI><a href="#[13]">EXTI1_IRQHandler</a> from startup_stm32f40_41xxx.o(.text) referenced from startup_stm32f40_41xxx.o(RESET)
 <LI><a href="#[14]">EXTI2_IRQHandler</a> from startup_stm32f40_41xxx.o(.text) referenced from startup_stm32f40_41xxx.o(RESET)
 <LI><a href="#[15]">EXTI3_IRQHandler</a> from startup_stm32f40_41xxx.o(.text) referenced from startup_stm32f40_41xxx.o(RESET)
 <LI><a href="#[16]">EXTI4_IRQHandler</a> from startup_stm32f40_41xxx.o(.text) referenced from startup_stm32f40_41xxx.o(RESET)
 <LI><a href="#[23]">EXTI9_5_IRQHandler</a> from startup_stm32f40_41xxx.o(.text) referenced from startup_stm32f40_41xxx.o(RESET)
 <LI><a href="#[10]">FLASH_IRQHandler</a> from startup_stm32f40_41xxx.o(.text) referenced from startup_stm32f40_41xxx.o(RESET)
 <LI><a href="#[5d]">FPU_IRQHandler</a> from startup_stm32f40_41xxx.o(.text) referenced from startup_stm32f40_41xxx.o(RESET)
 <LI><a href="#[3c]">FSMC_IRQHandler</a> from startup_stm32f40_41xxx.o(.text) referenced from startup_stm32f40_41xxx.o(RESET)
 <LI><a href="#[5c]">HASH_RNG_IRQHandler</a> from startup_stm32f40_41xxx.o(.text) referenced from startup_stm32f40_41xxx.o(RESET)
 <LI><a href="#[4]">HardFault_Handler</a> from stm32f4xx_it.o(.text) referenced from startup_stm32f40_41xxx.o(RESET)
 <LI><a href="#[2c]">I2C1_ER_IRQHandler</a> from startup_stm32f40_41xxx.o(.text) referenced from startup_stm32f40_41xxx.o(RESET)
 <LI><a href="#[2b]">I2C1_EV_IRQHandler</a> from startup_stm32f40_41xxx.o(.text) referenced from startup_stm32f40_41xxx.o(RESET)
 <LI><a href="#[2e]">I2C2_ER_IRQHandler</a> from startup_stm32f40_41xxx.o(.text) referenced from startup_stm32f40_41xxx.o(RESET)
 <LI><a href="#[2d]">I2C2_EV_IRQHandler</a> from startup_stm32f40_41xxx.o(.text) referenced from startup_stm32f40_41xxx.o(RESET)
 <LI><a href="#[55]">I2C3_ER_IRQHandler</a> from startup_stm32f40_41xxx.o(.text) referenced from startup_stm32f40_41xxx.o(RESET)
 <LI><a href="#[54]">I2C3_EV_IRQHandler</a> from startup_stm32f40_41xxx.o(.text) referenced from startup_stm32f40_41xxx.o(RESET)
 <LI><a href="#[5]">MemManage_Handler</a> from stm32f4xx_it.o(.text) referenced from startup_stm32f40_41xxx.o(RESET)
 <LI><a href="#[3]">NMI_Handler</a> from stm32f4xx_it.o(.text) referenced from startup_stm32f40_41xxx.o(RESET)
 <LI><a href="#[4f]">OTG_FS_IRQHandler</a> from startup_stm32f40_41xxx.o(.text) referenced from startup_stm32f40_41xxx.o(RESET)
 <LI><a href="#[36]">OTG_FS_WKUP_IRQHandler</a> from startup_stm32f40_41xxx.o(.text) referenced from startup_stm32f40_41xxx.o(RESET)
 <LI><a href="#[57]">OTG_HS_EP1_IN_IRQHandler</a> from startup_stm32f40_41xxx.o(.text) referenced from startup_stm32f40_41xxx.o(RESET)
 <LI><a href="#[56]">OTG_HS_EP1_OUT_IRQHandler</a> from startup_stm32f40_41xxx.o(.text) referenced from startup_stm32f40_41xxx.o(RESET)
 <LI><a href="#[59]">OTG_HS_IRQHandler</a> from startup_stm32f40_41xxx.o(.text) referenced from startup_stm32f40_41xxx.o(RESET)
 <LI><a href="#[58]">OTG_HS_WKUP_IRQHandler</a> from startup_stm32f40_41xxx.o(.text) referenced from startup_stm32f40_41xxx.o(RESET)
 <LI><a href="#[d]">PVD_IRQHandler</a> from startup_stm32f40_41xxx.o(.text) referenced from startup_stm32f40_41xxx.o(RESET)
 <LI><a href="#[a]">PendSV_Handler</a> from stm32f4xx_it.o(.text) referenced from startup_stm32f40_41xxx.o(RESET)
 <LI><a href="#[11]">RCC_IRQHandler</a> from startup_stm32f40_41xxx.o(.text) referenced from startup_stm32f40_41xxx.o(RESET)
 <LI><a href="#[35]">RTC_Alarm_IRQHandler</a> from startup_stm32f40_41xxx.o(.text) referenced from startup_stm32f40_41xxx.o(RESET)
 <LI><a href="#[f]">RTC_WKUP_IRQHandler</a> from startup_stm32f40_41xxx.o(.text) referenced from startup_stm32f40_41xxx.o(RESET)
 <LI><a href="#[2]">Reset_Handler</a> from startup_stm32f40_41xxx.o(.text) referenced from startup_stm32f40_41xxx.o(RESET)
 <LI><a href="#[3d]">SDIO_IRQHandler</a> from startup_stm32f40_41xxx.o(.text) referenced from startup_stm32f40_41xxx.o(RESET)
 <LI><a href="#[2f]">SPI1_IRQHandler</a> from startup_stm32f40_41xxx.o(.text) referenced from startup_stm32f40_41xxx.o(RESET)
 <LI><a href="#[30]">SPI2_IRQHandler</a> from startup_stm32f40_41xxx.o(.text) referenced from startup_stm32f40_41xxx.o(RESET)
 <LI><a href="#[3f]">SPI3_IRQHandler</a> from startup_stm32f40_41xxx.o(.text) referenced from startup_stm32f40_41xxx.o(RESET)
 <LI><a href="#[8]">SVC_Handler</a> from stm32f4xx_it.o(.text) referenced from startup_stm32f40_41xxx.o(RESET)
 <LI><a href="#[b]">SysTick_Handler</a> from stm32f4xx_it.o(.text) referenced from startup_stm32f40_41xxx.o(RESET)
 <LI><a href="#[63]">SystemInit</a> from system_stm32f4xx.o(.text) referenced from startup_stm32f40_41xxx.o(.text)
 <LI><a href="#[e]">TAMP_STAMP_IRQHandler</a> from startup_stm32f40_41xxx.o(.text) referenced from startup_stm32f40_41xxx.o(RESET)
 <LI><a href="#[24]">TIM1_BRK_TIM9_IRQHandler</a> from startup_stm32f40_41xxx.o(.text) referenced from startup_stm32f40_41xxx.o(RESET)
 <LI><a href="#[27]">TIM1_CC_IRQHandler</a> from startup_stm32f40_41xxx.o(.text) referenced from startup_stm32f40_41xxx.o(RESET)
 <LI><a href="#[26]">TIM1_TRG_COM_TIM11_IRQHandler</a> from startup_stm32f40_41xxx.o(.text) referenced from startup_stm32f40_41xxx.o(RESET)
 <LI><a href="#[25]">TIM1_UP_TIM10_IRQHandler</a> from startup_stm32f40_41xxx.o(.text) referenced from startup_stm32f40_41xxx.o(RESET)
 <LI><a href="#[28]">TIM2_IRQHandler</a> from startup_stm32f40_41xxx.o(.text) referenced from startup_stm32f40_41xxx.o(RESET)
 <LI><a href="#[29]">TIM3_IRQHandler</a> from startup_stm32f40_41xxx.o(.text) referenced from startup_stm32f40_41xxx.o(RESET)
 <LI><a href="#[2a]">TIM4_IRQHandler</a> from startup_stm32f40_41xxx.o(.text) referenced from startup_stm32f40_41xxx.o(RESET)
 <LI><a href="#[3e]">TIM5_IRQHandler</a> from startup_stm32f40_41xxx.o(.text) referenced from startup_stm32f40_41xxx.o(RESET)
 <LI><a href="#[42]">TIM6_DAC_IRQHandler</a> from startup_stm32f40_41xxx.o(.text) referenced from startup_stm32f40_41xxx.o(RESET)
 <LI><a href="#[43]">TIM7_IRQHandler</a> from startup_stm32f40_41xxx.o(.text) referenced from startup_stm32f40_41xxx.o(RESET)
 <LI><a href="#[37]">TIM8_BRK_TIM12_IRQHandler</a> from startup_stm32f40_41xxx.o(.text) referenced from startup_stm32f40_41xxx.o(RESET)
 <LI><a href="#[3a]">TIM8_CC_IRQHandler</a> from startup_stm32f40_41xxx.o(.text) referenced from startup_stm32f40_41xxx.o(RESET)
 <LI><a href="#[39]">TIM8_TRG_COM_TIM14_IRQHandler</a> from startup_stm32f40_41xxx.o(.text) referenced from startup_stm32f40_41xxx.o(RESET)
 <LI><a href="#[38]">TIM8_UP_TIM13_IRQHandler</a> from startup_stm32f40_41xxx.o(.text) referenced from startup_stm32f40_41xxx.o(RESET)
 <LI><a href="#[40]">UART4_IRQHandler</a> from startup_stm32f40_41xxx.o(.text) referenced from startup_stm32f40_41xxx.o(RESET)
 <LI><a href="#[41]">UART5_IRQHandler</a> from startup_stm32f40_41xxx.o(.text) referenced from startup_stm32f40_41xxx.o(RESET)
 <LI><a href="#[31]">USART1_IRQHandler</a> from stm32f4xx_it.o(.text) referenced from startup_stm32f40_41xxx.o(RESET)
 <LI><a href="#[32]">USART2_IRQHandler</a> from startup_stm32f40_41xxx.o(.text) referenced from startup_stm32f40_41xxx.o(RESET)
 <LI><a href="#[33]">USART3_IRQHandler</a> from startup_stm32f40_41xxx.o(.text) referenced from startup_stm32f40_41xxx.o(RESET)
 <LI><a href="#[53]">USART6_IRQHandler</a> from startup_stm32f40_41xxx.o(.text) referenced from startup_stm32f40_41xxx.o(RESET)
 <LI><a href="#[7]">UsageFault_Handler</a> from stm32f4xx_it.o(.text) referenced from startup_stm32f40_41xxx.o(RESET)
 <LI><a href="#[c]">WWDG_IRQHandler</a> from startup_stm32f40_41xxx.o(.text) referenced from startup_stm32f40_41xxx.o(RESET)
 <LI><a href="#[67]">__main</a> from __main.o(!!!main) referenced from startup_stm32f40_41xxx.o(.text)
 <LI><a href="#[66]">_printf_input_char</a> from _printf_char_common.o(.text) referenced from _printf_char_common.o(.text)
 <LI><a href="#[65]">_snputc</a> from _snputc.o(.text) referenced from noretval__2snprintf.o(.text)
 <LI><a href="#[62]">boot_info_payload_is_valid</a> from iap_boot_info.o(.text) referenced from iap_boot_info.o(.text)
 <LI><a href="#[5f]">iap_checkpoint_save</a> from iap.o(.text) referenced from iap.o(.text)
 <LI><a href="#[60]">iap_show_ymodem_progress</a> from iap_ui.o(.text) referenced from iap.o(.text)
 <LI><a href="#[5e]">iap_validate_received_header</a> from iap_auth.o(.text) referenced from iap.o(.text)
 <LI><a href="#[61]">txn_payload_is_valid</a> from iap_boot_info.o(.text) referenced from iap_boot_info.o(.text)
</UL>
<P>
<H3>
Global Symbols
</H3>
<P><STRONG><a name="[67]"></a>__main</STRONG> (Thumb, 8 bytes, Stack size 0 bytes, __main.o(!!!main))
<BR><BR>[Calls]<UL><LI><a href="#[68]">&gt;&gt;</a>&nbsp;&nbsp;&nbsp;__scatterload
<LI><a href="#[69]">&gt;&gt;</a>&nbsp;&nbsp;&nbsp;__rt_entry
</UL>

<P><STRONG><a name="[68]"></a>__scatterload</STRONG> (Thumb, 0 bytes, Stack size unknown bytes, __scatter.o(!!!scatter))
<BR><BR>[Called By]<UL><LI><a href="#[67]">&gt;&gt;</a>&nbsp;&nbsp;&nbsp;__main
</UL>

<P><STRONG><a name="[6a]"></a>__scatterload_rt2</STRONG> (Thumb, 44 bytes, Stack size unknown bytes, __scatter.o(!!!scatter), UNUSED)
<BR><BR>[Calls]<UL><LI><a href="#[69]">&gt;&gt;</a>&nbsp;&nbsp;&nbsp;__rt_entry
</UL>

<P><STRONG><a name="[1d7]"></a>__scatterload_rt2_thumb_only</STRONG> (Thumb, 0 bytes, Stack size unknown bytes, __scatter.o(!!!scatter), UNUSED)

<P><STRONG><a name="[1d8]"></a>__scatterload_null</STRONG> (Thumb, 0 bytes, Stack size unknown bytes, __scatter.o(!!!scatter), UNUSED)

<P><STRONG><a name="[6b]"></a>__scatterload_copy</STRONG> (Thumb, 26 bytes, Stack size unknown bytes, __scatter_copy.o(!!handler_copy), UNUSED)
<BR><BR>[Calls]<UL><LI><a href="#[6b]">&gt;&gt;</a>&nbsp;&nbsp;&nbsp;__scatterload_copy
</UL>
<BR>[Called By]<UL><LI><a href="#[6b]">&gt;&gt;</a>&nbsp;&nbsp;&nbsp;__scatterload_copy
</UL>

<P><STRONG><a name="[1d9]"></a>__scatterload_zeroinit</STRONG> (Thumb, 28 bytes, Stack size unknown bytes, __scatter_zi.o(!!handler_zi), UNUSED)

<P><STRONG><a name="[1ce]"></a>_printf_percent</STRONG> (Thumb, 0 bytes, Stack size unknown bytes, _printf_percent.o(.ARM.Collect$$_printf_percent$$00000000))
<BR><BR>[Called By]<UL><LI><a href="#[1cd]">&gt;&gt;</a>&nbsp;&nbsp;&nbsp;__printf
</UL>

<P><STRONG><a name="[6c]"></a>_printf_u</STRONG> (Thumb, 0 bytes, Stack size unknown bytes, _printf_u.o(.ARM.Collect$$_printf_percent$$0000000A))
<BR><BR>[Stack]<UL><LI>Max Depth = 56 + Unknown Stack Size
<LI>Call Chain = _printf_u &rArr; _printf_int_dec &rArr; _printf_int_common
</UL>
<BR>[Calls]<UL><LI><a href="#[6d]">&gt;&gt;</a>&nbsp;&nbsp;&nbsp;_printf_int_dec
</UL>

<P><STRONG><a name="[1da]"></a>_printf_percent_end</STRONG> (Thumb, 0 bytes, Stack size unknown bytes, _printf_percent_end.o(.ARM.Collect$$_printf_percent$$00000017))

<P><STRONG><a name="[73]"></a>__rt_lib_init</STRONG> (Thumb, 0 bytes, Stack size unknown bytes, libinit.o(.ARM.Collect$$libinit$$00000000))
<BR><BR>[Called By]<UL><LI><a href="#[72]">&gt;&gt;</a>&nbsp;&nbsp;&nbsp;__rt_entry_li
</UL>

<P><STRONG><a name="[6e]"></a>__rt_lib_init_fp_1</STRONG> (Thumb, 0 bytes, Stack size unknown bytes, libinit2.o(.ARM.Collect$$libinit$$00000001))
<BR><BR>[Calls]<UL><LI><a href="#[6f]">&gt;&gt;</a>&nbsp;&nbsp;&nbsp;_fp_init
</UL>

<P><STRONG><a name="[1db]"></a>__rt_lib_init_alloca_1</STRONG> (Thumb, 0 bytes, Stack size unknown bytes, libinit2.o(.ARM.Collect$$libinit$$0000002E))

<P><STRONG><a name="[1dc]"></a>__rt_lib_init_argv_1</STRONG> (Thumb, 0 bytes, Stack size unknown bytes, libinit2.o(.ARM.Collect$$libinit$$0000002C))

<P><STRONG><a name="[1dd]"></a>__rt_lib_init_atexit_1</STRONG> (Thumb, 0 bytes, Stack size unknown bytes, libinit2.o(.ARM.Collect$$libinit$$0000001B))

<P><STRONG><a name="[1de]"></a>__rt_lib_init_clock_1</STRONG> (Thumb, 0 bytes, Stack size unknown bytes, libinit2.o(.ARM.Collect$$libinit$$00000021))

<P><STRONG><a name="[1df]"></a>__rt_lib_init_cpp_1</STRONG> (Thumb, 0 bytes, Stack size unknown bytes, libinit2.o(.ARM.Collect$$libinit$$00000032))

<P><STRONG><a name="[1e0]"></a>__rt_lib_init_exceptions_1</STRONG> (Thumb, 0 bytes, Stack size unknown bytes, libinit2.o(.ARM.Collect$$libinit$$00000030))

<P><STRONG><a name="[1e1]"></a>__rt_lib_init_fp_trap_1</STRONG> (Thumb, 0 bytes, Stack size unknown bytes, libinit2.o(.ARM.Collect$$libinit$$0000001F))

<P><STRONG><a name="[1e2]"></a>__rt_lib_init_getenv_1</STRONG> (Thumb, 0 bytes, Stack size unknown bytes, libinit2.o(.ARM.Collect$$libinit$$00000023))

<P><STRONG><a name="[1e3]"></a>__rt_lib_init_heap_1</STRONG> (Thumb, 0 bytes, Stack size unknown bytes, libinit2.o(.ARM.Collect$$libinit$$0000000A))

<P><STRONG><a name="[1e4]"></a>__rt_lib_init_lc_collate_1</STRONG> (Thumb, 0 bytes, Stack size unknown bytes, libinit2.o(.ARM.Collect$$libinit$$00000011))

<P><STRONG><a name="[1e5]"></a>__rt_lib_init_lc_ctype_1</STRONG> (Thumb, 0 bytes, Stack size unknown bytes, libinit2.o(.ARM.Collect$$libinit$$00000013))

<P><STRONG><a name="[1e6]"></a>__rt_lib_init_lc_monetary_1</STRONG> (Thumb, 0 bytes, Stack size unknown bytes, libinit2.o(.ARM.Collect$$libinit$$00000015))

<P><STRONG><a name="[1e7]"></a>__rt_lib_init_lc_numeric_1</STRONG> (Thumb, 0 bytes, Stack size unknown bytes, libinit2.o(.ARM.Collect$$libinit$$00000017))

<P><STRONG><a name="[1e8]"></a>__rt_lib_init_lc_time_1</STRONG> (Thumb, 0 bytes, Stack size unknown bytes, libinit2.o(.ARM.Collect$$libinit$$00000019))

<P><STRONG><a name="[1e9]"></a>__rt_lib_init_preinit_1</STRONG> (Thumb, 0 bytes, Stack size unknown bytes, libinit2.o(.ARM.Collect$$libinit$$00000004))

<P><STRONG><a name="[1ea]"></a>__rt_lib_init_rand_1</STRONG> (Thumb, 0 bytes, Stack size unknown bytes, libinit2.o(.ARM.Collect$$libinit$$0000000E))

<P><STRONG><a name="[1eb]"></a>__rt_lib_init_return</STRONG> (Thumb, 0 bytes, Stack size unknown bytes, libinit2.o(.ARM.Collect$$libinit$$00000033))

<P><STRONG><a name="[1ec]"></a>__rt_lib_init_signal_1</STRONG> (Thumb, 0 bytes, Stack size unknown bytes, libinit2.o(.ARM.Collect$$libinit$$0000001D))

<P><STRONG><a name="[1ed]"></a>__rt_lib_init_stdio_1</STRONG> (Thumb, 0 bytes, Stack size unknown bytes, libinit2.o(.ARM.Collect$$libinit$$00000025))

<P><STRONG><a name="[1ee]"></a>__rt_lib_init_user_alloc_1</STRONG> (Thumb, 0 bytes, Stack size unknown bytes, libinit2.o(.ARM.Collect$$libinit$$0000000C))

<P><STRONG><a name="[78]"></a>__rt_lib_shutdown</STRONG> (Thumb, 0 bytes, Stack size unknown bytes, libshutdown.o(.ARM.Collect$$libshutdown$$00000000))
<BR><BR>[Called By]<UL><LI><a href="#[77]">&gt;&gt;</a>&nbsp;&nbsp;&nbsp;__rt_exit_ls
</UL>

<P><STRONG><a name="[1ef]"></a>__rt_lib_shutdown_cpp_1</STRONG> (Thumb, 0 bytes, Stack size unknown bytes, libshutdown2.o(.ARM.Collect$$libshutdown$$00000002))

<P><STRONG><a name="[1f0]"></a>__rt_lib_shutdown_fp_trap_1</STRONG> (Thumb, 0 bytes, Stack size unknown bytes, libshutdown2.o(.ARM.Collect$$libshutdown$$00000007))

<P><STRONG><a name="[1f1]"></a>__rt_lib_shutdown_heap_1</STRONG> (Thumb, 0 bytes, Stack size unknown bytes, libshutdown2.o(.ARM.Collect$$libshutdown$$0000000F))

<P><STRONG><a name="[1f2]"></a>__rt_lib_shutdown_return</STRONG> (Thumb, 0 bytes, Stack size unknown bytes, libshutdown2.o(.ARM.Collect$$libshutdown$$00000010))

<P><STRONG><a name="[1f3]"></a>__rt_lib_shutdown_signal_1</STRONG> (Thumb, 0 bytes, Stack size unknown bytes, libshutdown2.o(.ARM.Collect$$libshutdown$$0000000A))

<P><STRONG><a name="[1f4]"></a>__rt_lib_shutdown_stdio_1</STRONG> (Thumb, 0 bytes, Stack size unknown bytes, libshutdown2.o(.ARM.Collect$$libshutdown$$00000004))

<P><STRONG><a name="[1f5]"></a>__rt_lib_shutdown_user_alloc_1</STRONG> (Thumb, 0 bytes, Stack size unknown bytes, libshutdown2.o(.ARM.Collect$$libshutdown$$0000000C))

<P><STRONG><a name="[69]"></a>__rt_entry</STRONG> (Thumb, 0 bytes, Stack size unknown bytes, __rtentry.o(.ARM.Collect$$rtentry$$00000000))
<BR><BR>[Called By]<UL><LI><a href="#[6a]">&gt;&gt;</a>&nbsp;&nbsp;&nbsp;__scatterload_rt2
<LI><a href="#[67]">&gt;&gt;</a>&nbsp;&nbsp;&nbsp;__main
</UL>

<P><STRONG><a name="[1f6]"></a>__rt_entry_presh_1</STRONG> (Thumb, 0 bytes, Stack size unknown bytes, __rtentry2.o(.ARM.Collect$$rtentry$$00000002))

<P><STRONG><a name="[70]"></a>__rt_entry_sh</STRONG> (Thumb, 0 bytes, Stack size unknown bytes, __rtentry4.o(.ARM.Collect$$rtentry$$00000004))
<BR><BR>[Stack]<UL><LI>Max Depth = 8 + Unknown Stack Size
<LI>Call Chain = __rt_entry_sh &rArr; __user_setup_stackheap
</UL>
<BR>[Calls]<UL><LI><a href="#[71]">&gt;&gt;</a>&nbsp;&nbsp;&nbsp;__user_setup_stackheap
</UL>

<P><STRONG><a name="[72]"></a>__rt_entry_li</STRONG> (Thumb, 0 bytes, Stack size unknown bytes, __rtentry2.o(.ARM.Collect$$rtentry$$0000000A))
<BR><BR>[Calls]<UL><LI><a href="#[73]">&gt;&gt;</a>&nbsp;&nbsp;&nbsp;__rt_lib_init
</UL>

<P><STRONG><a name="[1f7]"></a>__rt_entry_postsh_1</STRONG> (Thumb, 0 bytes, Stack size unknown bytes, __rtentry2.o(.ARM.Collect$$rtentry$$00000009))

<P><STRONG><a name="[74]"></a>__rt_entry_main</STRONG> (Thumb, 0 bytes, Stack size unknown bytes, __rtentry2.o(.ARM.Collect$$rtentry$$0000000D))
<BR><BR>[Stack]<UL><LI>Max Depth = 3648 + Unknown Stack Size
<LI>Call Chain = __rt_entry_main &rArr; main &rArr; iap_boot_entry &rArr; iap_main &rArr; iap_authorize_received_image &rArr; ota_rsa_verify_signature &rArr; ota_rsa_mod_mul &rArr; ota_rsa_mod_double_inplace &rArr; ota_rsa_words_sub_inplace
</UL>
<BR>[Calls]<UL><LI><a href="#[75]">&gt;&gt;</a>&nbsp;&nbsp;&nbsp;main
<LI><a href="#[76]">&gt;&gt;</a>&nbsp;&nbsp;&nbsp;exit
</UL>

<P><STRONG><a name="[1f8]"></a>__rt_entry_postli_1</STRONG> (Thumb, 0 bytes, Stack size unknown bytes, __rtentry2.o(.ARM.Collect$$rtentry$$0000000C))

<P><STRONG><a name="[1d6]"></a>__rt_exit</STRONG> (Thumb, 0 bytes, Stack size unknown bytes, rtexit.o(.ARM.Collect$$rtexit$$00000000))
<BR><BR>[Called By]<UL><LI><a href="#[76]">&gt;&gt;</a>&nbsp;&nbsp;&nbsp;exit
</UL>

<P><STRONG><a name="[77]"></a>__rt_exit_ls</STRONG> (Thumb, 0 bytes, Stack size unknown bytes, rtexit2.o(.ARM.Collect$$rtexit$$00000003))
<BR><BR>[Calls]<UL><LI><a href="#[78]">&gt;&gt;</a>&nbsp;&nbsp;&nbsp;__rt_lib_shutdown
</UL>

<P><STRONG><a name="[1f9]"></a>__rt_exit_prels_1</STRONG> (Thumb, 0 bytes, Stack size unknown bytes, rtexit2.o(.ARM.Collect$$rtexit$$00000002))

<P><STRONG><a name="[79]"></a>__rt_exit_exit</STRONG> (Thumb, 0 bytes, Stack size unknown bytes, rtexit2.o(.ARM.Collect$$rtexit$$00000004))
<BR><BR>[Calls]<UL><LI><a href="#[7a]">&gt;&gt;</a>&nbsp;&nbsp;&nbsp;_sys_exit
</UL>

<P><STRONG><a name="[75]"></a>main</STRONG> (Thumb, 46 bytes, Stack size 0 bytes, main.o(.text))
<BR><BR>[Stack]<UL><LI>Max Depth = 3648 + Unknown Stack Size
<LI>Call Chain = main &rArr; iap_boot_entry &rArr; iap_main &rArr; iap_authorize_received_image &rArr; ota_rsa_verify_signature &rArr; ota_rsa_mod_mul &rArr; ota_rsa_mod_double_inplace &rArr; ota_rsa_words_sub_inplace
</UL>
<BR>[Calls]<UL><LI><a href="#[7f]">&gt;&gt;</a>&nbsp;&nbsp;&nbsp;uart_rx_ring_reset
<LI><a href="#[7e]">&gt;&gt;</a>&nbsp;&nbsp;&nbsp;uart_init
<LI><a href="#[81]">&gt;&gt;</a>&nbsp;&nbsp;&nbsp;iap_boot_entry
<LI><a href="#[7c]">&gt;&gt;</a>&nbsp;&nbsp;&nbsp;delay_init
<LI><a href="#[63]">&gt;&gt;</a>&nbsp;&nbsp;&nbsp;SystemInit
<LI><a href="#[7d]">&gt;&gt;</a>&nbsp;&nbsp;&nbsp;NVIC_PriorityGroupConfig
<LI><a href="#[80]">&gt;&gt;</a>&nbsp;&nbsp;&nbsp;KEY_Init
<LI><a href="#[7b]">&gt;&gt;</a>&nbsp;&nbsp;&nbsp;FLASH_If_Init
</UL>
<BR>[Called By]<UL><LI><a href="#[74]">&gt;&gt;</a>&nbsp;&nbsp;&nbsp;__rt_entry_main
</UL>

<P><STRONG><a name="[3]"></a>NMI_Handler</STRONG> (Thumb, 2 bytes, Stack size 0 bytes, stm32f4xx_it.o(.text))
<BR>[Address Reference Count : 1]<UL><LI> startup_stm32f40_41xxx.o(RESET)
</UL>
<P><STRONG><a name="[4]"></a>HardFault_Handler</STRONG> (Thumb, 4 bytes, Stack size 0 bytes, stm32f4xx_it.o(.text))
<BR>[Address Reference Count : 1]<UL><LI> startup_stm32f40_41xxx.o(RESET)
</UL>
<P><STRONG><a name="[5]"></a>MemManage_Handler</STRONG> (Thumb, 4 bytes, Stack size 0 bytes, stm32f4xx_it.o(.text))
<BR>[Address Reference Count : 1]<UL><LI> startup_stm32f40_41xxx.o(RESET)
</UL>
<P><STRONG><a name="[6]"></a>BusFault_Handler</STRONG> (Thumb, 4 bytes, Stack size 0 bytes, stm32f4xx_it.o(.text))
<BR>[Address Reference Count : 1]<UL><LI> startup_stm32f40_41xxx.o(RESET)
</UL>
<P><STRONG><a name="[7]"></a>UsageFault_Handler</STRONG> (Thumb, 4 bytes, Stack size 0 bytes, stm32f4xx_it.o(.text))
<BR>[Address Reference Count : 1]<UL><LI> startup_stm32f40_41xxx.o(RESET)
</UL>
<P><STRONG><a name="[8]"></a>SVC_Handler</STRONG> (Thumb, 2 bytes, Stack size 0 bytes, stm32f4xx_it.o(.text))
<BR>[Address Reference Count : 1]<UL><LI> startup_stm32f40_41xxx.o(RESET)
</UL>
<P><STRONG><a name="[9]"></a>DebugMon_Handler</STRONG> (Thumb, 2 bytes, Stack size 0 bytes, stm32f4xx_it.o(.text))
<BR>[Address Reference Count : 1]<UL><LI> startup_stm32f40_41xxx.o(RESET)
</UL>
<P><STRONG><a name="[a]"></a>PendSV_Handler</STRONG> (Thumb, 2 bytes, Stack size 0 bytes, stm32f4xx_it.o(.text))
<BR>[Address Reference Count : 1]<UL><LI> startup_stm32f40_41xxx.o(RESET)
</UL>
<P><STRONG><a name="[b]"></a>SysTick_Handler</STRONG> (Thumb, 2 bytes, Stack size 0 bytes, stm32f4xx_it.o(.text))
<BR>[Address Reference Count : 1]<UL><LI> startup_stm32f40_41xxx.o(RESET)
</UL>
<P><STRONG><a name="[31]"></a>USART1_IRQHandler</STRONG> (Thumb, 76 bytes, Stack size 16 bytes, stm32f4xx_it.o(.text))
<BR><BR>[Stack]<UL><LI>Max Depth = 16<LI>Call Chain = USART1_IRQHandler
</UL>
<BR>[Calls]<UL><LI><a href="#[82]">&gt;&gt;</a>&nbsp;&nbsp;&nbsp;uart_rx_ring_record_error_isr
<LI><a href="#[83]">&gt;&gt;</a>&nbsp;&nbsp;&nbsp;uart_rx_ring_push_isr
</UL>
<BR>[Address Reference Count : 1]<UL><LI> startup_stm32f40_41xxx.o(RESET)
</UL>
<P><STRONG><a name="[63]"></a>SystemInit</STRONG> (Thumb, 88 bytes, Stack size 8 bytes, system_stm32f4xx.o(.text))
<BR><BR>[Stack]<UL><LI>Max Depth = 20<LI>Call Chain = SystemInit &rArr; SetSysClock
</UL>
<BR>[Calls]<UL><LI><a href="#[84]">&gt;&gt;</a>&nbsp;&nbsp;&nbsp;SetSysClock
</UL>
<BR>[Called By]<UL><LI><a href="#[75]">&gt;&gt;</a>&nbsp;&nbsp;&nbsp;main
</UL>
<BR>[Address Reference Count : 1]<UL><LI> startup_stm32f40_41xxx.o(.text)
</UL>
<P><STRONG><a name="[1fa]"></a>SystemCoreClockUpdate</STRONG> (Thumb, 174 bytes, Stack size 16 bytes, system_stm32f4xx.o(.text), UNUSED)

<P><STRONG><a name="[8e]"></a>LCD_GPIO_Init</STRONG> (Thumb, 10 bytes, Stack size 8 bytes, lcd_init.o(.text))
<BR><BR>[Stack]<UL><LI>Max Depth = 68<LI>Call Chain = LCD_GPIO_Init &rArr; lcd_spi_gpio_apply &rArr; GPIO_PinAFConfig
</UL>
<BR>[Calls]<UL><LI><a href="#[85]">&gt;&gt;</a>&nbsp;&nbsp;&nbsp;lcd_spi_gpio_apply
</UL>
<BR>[Called By]<UL><LI><a href="#[97]">&gt;&gt;</a>&nbsp;&nbsp;&nbsp;LCD_Init
</UL>

<P><STRONG><a name="[8f]"></a>LCD_GPIO_Rebind</STRONG> (Thumb, 12 bytes, Stack size 8 bytes, lcd_init.o(.text))
<BR><BR>[Stack]<UL><LI>Max Depth = 68<LI>Call Chain = LCD_GPIO_Rebind &rArr; lcd_spi_gpio_apply &rArr; GPIO_PinAFConfig
</UL>
<BR>[Calls]<UL><LI><a href="#[85]">&gt;&gt;</a>&nbsp;&nbsp;&nbsp;lcd_spi_gpio_apply
</UL>
<BR>[Called By]<UL><LI><a href="#[12c]">&gt;&gt;</a>&nbsp;&nbsp;&nbsp;iap_ui_boot_prepare
</UL>

<P><STRONG><a name="[90]"></a>LCD_Writ_Bus</STRONG> (Thumb, 58 bytes, Stack size 8 bytes, lcd_init.o(.text))
<BR><BR>[Stack]<UL><LI>Max Depth = 8<LI>Call Chain = LCD_Writ_Bus
</UL>
<BR>[Calls]<UL><LI><a href="#[92]">&gt;&gt;</a>&nbsp;&nbsp;&nbsp;SPI_I2S_SendData
<LI><a href="#[91]">&gt;&gt;</a>&nbsp;&nbsp;&nbsp;SPI_I2S_GetFlagStatus
<LI><a href="#[8b]">&gt;&gt;</a>&nbsp;&nbsp;&nbsp;GPIO_ResetBits
<LI><a href="#[8a]">&gt;&gt;</a>&nbsp;&nbsp;&nbsp;GPIO_SetBits
</UL>
<BR>[Called By]<UL><LI><a href="#[95]">&gt;&gt;</a>&nbsp;&nbsp;&nbsp;LCD_WR_REG
<LI><a href="#[93]">&gt;&gt;</a>&nbsp;&nbsp;&nbsp;LCD_WR_DATA8
</UL>

<P><STRONG><a name="[93]"></a>LCD_WR_DATA8</STRONG> (Thumb, 20 bytes, Stack size 8 bytes, lcd_init.o(.text))
<BR><BR>[Stack]<UL><LI>Max Depth = 16<LI>Call Chain = LCD_WR_DATA8 &rArr; LCD_Writ_Bus
</UL>
<BR>[Calls]<UL><LI><a href="#[90]">&gt;&gt;</a>&nbsp;&nbsp;&nbsp;LCD_Writ_Bus
<LI><a href="#[8a]">&gt;&gt;</a>&nbsp;&nbsp;&nbsp;GPIO_SetBits
</UL>
<BR>[Called By]<UL><LI><a href="#[97]">&gt;&gt;</a>&nbsp;&nbsp;&nbsp;LCD_Init
</UL>

<P><STRONG><a name="[94]"></a>LCD_WR_DATA</STRONG> (Thumb, 88 bytes, Stack size 8 bytes, lcd_init.o(.text))
<BR><BR>[Stack]<UL><LI>Max Depth = 8<LI>Call Chain = LCD_WR_DATA
</UL>
<BR>[Calls]<UL><LI><a href="#[92]">&gt;&gt;</a>&nbsp;&nbsp;&nbsp;SPI_I2S_SendData
<LI><a href="#[91]">&gt;&gt;</a>&nbsp;&nbsp;&nbsp;SPI_I2S_GetFlagStatus
<LI><a href="#[8b]">&gt;&gt;</a>&nbsp;&nbsp;&nbsp;GPIO_ResetBits
<LI><a href="#[8a]">&gt;&gt;</a>&nbsp;&nbsp;&nbsp;GPIO_SetBits
</UL>
<BR>[Called By]<UL><LI><a href="#[9c]">&gt;&gt;</a>&nbsp;&nbsp;&nbsp;LCD_ShowChar
<LI><a href="#[9a]">&gt;&gt;</a>&nbsp;&nbsp;&nbsp;LCD_DrawPoint
<LI><a href="#[99]">&gt;&gt;</a>&nbsp;&nbsp;&nbsp;LCD_Fill
<LI><a href="#[96]">&gt;&gt;</a>&nbsp;&nbsp;&nbsp;LCD_Address_Set
</UL>

<P><STRONG><a name="[95]"></a>LCD_WR_REG</STRONG> (Thumb, 28 bytes, Stack size 8 bytes, lcd_init.o(.text))
<BR><BR>[Stack]<UL><LI>Max Depth = 16<LI>Call Chain = LCD_WR_REG &rArr; LCD_Writ_Bus
</UL>
<BR>[Calls]<UL><LI><a href="#[8b]">&gt;&gt;</a>&nbsp;&nbsp;&nbsp;GPIO_ResetBits
<LI><a href="#[90]">&gt;&gt;</a>&nbsp;&nbsp;&nbsp;LCD_Writ_Bus
<LI><a href="#[8a]">&gt;&gt;</a>&nbsp;&nbsp;&nbsp;GPIO_SetBits
</UL>
<BR>[Called By]<UL><LI><a href="#[97]">&gt;&gt;</a>&nbsp;&nbsp;&nbsp;LCD_Init
<LI><a href="#[96]">&gt;&gt;</a>&nbsp;&nbsp;&nbsp;LCD_Address_Set
</UL>

<P><STRONG><a name="[96]"></a>LCD_Address_Set</STRONG> (Thumb, 58 bytes, Stack size 24 bytes, lcd_init.o(.text))
<BR><BR>[Stack]<UL><LI>Max Depth = 40<LI>Call Chain = LCD_Address_Set &rArr; LCD_WR_REG &rArr; LCD_Writ_Bus
</UL>
<BR>[Calls]<UL><LI><a href="#[95]">&gt;&gt;</a>&nbsp;&nbsp;&nbsp;LCD_WR_REG
<LI><a href="#[94]">&gt;&gt;</a>&nbsp;&nbsp;&nbsp;LCD_WR_DATA
</UL>
<BR>[Called By]<UL><LI><a href="#[9c]">&gt;&gt;</a>&nbsp;&nbsp;&nbsp;LCD_ShowChar
<LI><a href="#[9a]">&gt;&gt;</a>&nbsp;&nbsp;&nbsp;LCD_DrawPoint
<LI><a href="#[99]">&gt;&gt;</a>&nbsp;&nbsp;&nbsp;LCD_Fill
</UL>

<P><STRONG><a name="[97]"></a>LCD_Init</STRONG> (Thumb, 440 bytes, Stack size 8 bytes, lcd_init.o(.text))
<BR><BR>[Stack]<UL><LI>Max Depth = 76<LI>Call Chain = LCD_Init &rArr; LCD_GPIO_Init &rArr; lcd_spi_gpio_apply &rArr; GPIO_PinAFConfig
</UL>
<BR>[Calls]<UL><LI><a href="#[98]">&gt;&gt;</a>&nbsp;&nbsp;&nbsp;delay_ms
<LI><a href="#[8b]">&gt;&gt;</a>&nbsp;&nbsp;&nbsp;GPIO_ResetBits
<LI><a href="#[95]">&gt;&gt;</a>&nbsp;&nbsp;&nbsp;LCD_WR_REG
<LI><a href="#[93]">&gt;&gt;</a>&nbsp;&nbsp;&nbsp;LCD_WR_DATA8
<LI><a href="#[8e]">&gt;&gt;</a>&nbsp;&nbsp;&nbsp;LCD_GPIO_Init
<LI><a href="#[8a]">&gt;&gt;</a>&nbsp;&nbsp;&nbsp;GPIO_SetBits
</UL>
<BR>[Called By]<UL><LI><a href="#[12c]">&gt;&gt;</a>&nbsp;&nbsp;&nbsp;iap_ui_boot_prepare
</UL>

<P><STRONG><a name="[99]"></a>LCD_Fill</STRONG> (Thumb, 92 bytes, Stack size 32 bytes, lcd_boot_text.o(.text))
<BR><BR>[Stack]<UL><LI>Max Depth = 72<LI>Call Chain = LCD_Fill &rArr; LCD_Address_Set &rArr; LCD_WR_REG &rArr; LCD_Writ_Bus
</UL>
<BR>[Calls]<UL><LI><a href="#[96]">&gt;&gt;</a>&nbsp;&nbsp;&nbsp;LCD_Address_Set
<LI><a href="#[94]">&gt;&gt;</a>&nbsp;&nbsp;&nbsp;LCD_WR_DATA
</UL>
<BR>[Called By]<UL><LI><a href="#[163]">&gt;&gt;</a>&nbsp;&nbsp;&nbsp;iap_ui_draw_upgrade_frame
<LI><a href="#[160]">&gt;&gt;</a>&nbsp;&nbsp;&nbsp;iap_ui_draw_progress_percent
<LI><a href="#[15f]">&gt;&gt;</a>&nbsp;&nbsp;&nbsp;iap_ui_draw_progress_bar
<LI><a href="#[12e]">&gt;&gt;</a>&nbsp;&nbsp;&nbsp;iap_ui_show_boot_splash
<LI><a href="#[9b]">&gt;&gt;</a>&nbsp;&nbsp;&nbsp;LCD_DrawRectangle
</UL>

<P><STRONG><a name="[9a]"></a>LCD_DrawPoint</STRONG> (Thumb, 28 bytes, Stack size 16 bytes, lcd_boot_text.o(.text))
<BR><BR>[Stack]<UL><LI>Max Depth = 56<LI>Call Chain = LCD_DrawPoint &rArr; LCD_Address_Set &rArr; LCD_WR_REG &rArr; LCD_Writ_Bus
</UL>
<BR>[Calls]<UL><LI><a href="#[96]">&gt;&gt;</a>&nbsp;&nbsp;&nbsp;LCD_Address_Set
<LI><a href="#[94]">&gt;&gt;</a>&nbsp;&nbsp;&nbsp;LCD_WR_DATA
</UL>
<BR>[Called By]<UL><LI><a href="#[159]">&gt;&gt;</a>&nbsp;&nbsp;&nbsp;iap_ui_draw_mono_bitmap
<LI><a href="#[9c]">&gt;&gt;</a>&nbsp;&nbsp;&nbsp;LCD_ShowChar
</UL>

<P><STRONG><a name="[9b]"></a>LCD_DrawRectangle</STRONG> (Thumb, 110 bytes, Stack size 32 bytes, lcd_boot_text.o(.text))
<BR><BR>[Stack]<UL><LI>Max Depth = 104<LI>Call Chain = LCD_DrawRectangle &rArr; LCD_Fill &rArr; LCD_Address_Set &rArr; LCD_WR_REG &rArr; LCD_Writ_Bus
</UL>
<BR>[Calls]<UL><LI><a href="#[99]">&gt;&gt;</a>&nbsp;&nbsp;&nbsp;LCD_Fill
</UL>
<BR>[Called By]<UL><LI><a href="#[163]">&gt;&gt;</a>&nbsp;&nbsp;&nbsp;iap_ui_draw_upgrade_frame
<LI><a href="#[15f]">&gt;&gt;</a>&nbsp;&nbsp;&nbsp;iap_ui_draw_progress_bar
<LI><a href="#[12e]">&gt;&gt;</a>&nbsp;&nbsp;&nbsp;iap_ui_show_boot_splash
</UL>

<P><STRONG><a name="[9c]"></a>LCD_ShowChar</STRONG> (Thumb, 220 bytes, Stack size 72 bytes, lcd_boot_text.o(.text))
<BR><BR>[Stack]<UL><LI>Max Depth = 128<LI>Call Chain = LCD_ShowChar &rArr; LCD_DrawPoint &rArr; LCD_Address_Set &rArr; LCD_WR_REG &rArr; LCD_Writ_Bus
</UL>
<BR>[Calls]<UL><LI><a href="#[9a]">&gt;&gt;</a>&nbsp;&nbsp;&nbsp;LCD_DrawPoint
<LI><a href="#[9d]">&gt;&gt;</a>&nbsp;&nbsp;&nbsp;lcd_boot_get_glyph
<LI><a href="#[96]">&gt;&gt;</a>&nbsp;&nbsp;&nbsp;LCD_Address_Set
<LI><a href="#[94]">&gt;&gt;</a>&nbsp;&nbsp;&nbsp;LCD_WR_DATA
</UL>
<BR>[Called By]<UL><LI><a href="#[9f]">&gt;&gt;</a>&nbsp;&nbsp;&nbsp;LCD_ShowIntNum
<LI><a href="#[9e]">&gt;&gt;</a>&nbsp;&nbsp;&nbsp;LCD_ShowString
</UL>

<P><STRONG><a name="[9e]"></a>LCD_ShowString</STRONG> (Thumb, 78 bytes, Stack size 48 bytes, lcd_boot_text.o(.text))
<BR><BR>[Stack]<UL><LI>Max Depth = 176<LI>Call Chain = LCD_ShowString &rArr; LCD_ShowChar &rArr; LCD_DrawPoint &rArr; LCD_Address_Set &rArr; LCD_WR_REG &rArr; LCD_Writ_Bus
</UL>
<BR>[Calls]<UL><LI><a href="#[9c]">&gt;&gt;</a>&nbsp;&nbsp;&nbsp;LCD_ShowChar
</UL>
<BR>[Called By]<UL><LI><a href="#[158]">&gt;&gt;</a>&nbsp;&nbsp;&nbsp;iap_ui_draw_ascii_center
</UL>

<P><STRONG><a name="[a0]"></a>mypow</STRONG> (Thumb, 22 bytes, Stack size 8 bytes, lcd_boot_text.o(.text), UNUSED)
<BR><BR>[Called By]<UL><LI><a href="#[9f]">&gt;&gt;</a>&nbsp;&nbsp;&nbsp;LCD_ShowIntNum
</UL>

<P><STRONG><a name="[9f]"></a>LCD_ShowIntNum</STRONG> (Thumb, 158 bytes, Stack size 72 bytes, lcd_boot_text.o(.text), UNUSED)
<BR><BR>[Calls]<UL><LI><a href="#[a0]">&gt;&gt;</a>&nbsp;&nbsp;&nbsp;mypow
<LI><a href="#[9c]">&gt;&gt;</a>&nbsp;&nbsp;&nbsp;LCD_ShowChar
</UL>

<P><STRONG><a name="[80]"></a>KEY_Init</STRONG> (Thumb, 72 bytes, Stack size 16 bytes, key.o(.text))
<BR><BR>[Stack]<UL><LI>Max Depth = 36<LI>Call Chain = KEY_Init &rArr; GPIO_Init
</UL>
<BR>[Calls]<UL><LI><a href="#[86]">&gt;&gt;</a>&nbsp;&nbsp;&nbsp;RCC_AHB1PeriphClockCmd
<LI><a href="#[88]">&gt;&gt;</a>&nbsp;&nbsp;&nbsp;GPIO_Init
</UL>
<BR>[Called By]<UL><LI><a href="#[75]">&gt;&gt;</a>&nbsp;&nbsp;&nbsp;main
</UL>

<P><STRONG><a name="[a1]"></a>KEY_Scan</STRONG> (Thumb, 150 bytes, Stack size 8 bytes, key.o(.text), UNUSED)
<BR><BR>[Calls]<UL><LI><a href="#[a2]">&gt;&gt;</a>&nbsp;&nbsp;&nbsp;GPIO_ReadInputDataBit
<LI><a href="#[98]">&gt;&gt;</a>&nbsp;&nbsp;&nbsp;delay_ms
</UL>

<P><STRONG><a name="[1fb]"></a>Str2Int</STRONG> (Thumb, 260 bytes, Stack size 16 bytes, common.o(.text), UNUSED)

<P><STRONG><a name="[a3]"></a>SerialKeyPressed</STRONG> (Thumb, 12 bytes, Stack size 8 bytes, common.o(.text))
<BR><BR>[Stack]<UL><LI>Max Depth = 24<LI>Call Chain = SerialKeyPressed &rArr; uart_rx_ring_pop
</UL>
<BR>[Calls]<UL><LI><a href="#[a4]">&gt;&gt;</a>&nbsp;&nbsp;&nbsp;uart_rx_ring_pop
</UL>
<BR>[Called By]<UL><LI><a href="#[d2]">&gt;&gt;</a>&nbsp;&nbsp;&nbsp;Receive_Byte
<LI><a href="#[16b]">&gt;&gt;</a>&nbsp;&nbsp;&nbsp;ota_ctrl_read_byte_timeout
</UL>

<P><STRONG><a name="[a5]"></a>SerialPutChar</STRONG> (Thumb, 28 bytes, Stack size 8 bytes, common.o(.text))
<BR><BR>[Stack]<UL><LI>Max Depth = 8<LI>Call Chain = SerialPutChar
</UL>
<BR>[Calls]<UL><LI><a href="#[a6]">&gt;&gt;</a>&nbsp;&nbsp;&nbsp;USART_SendData
<LI><a href="#[a7]">&gt;&gt;</a>&nbsp;&nbsp;&nbsp;USART_GetFlagStatus
</UL>
<BR>[Called By]<UL><LI><a href="#[d8]">&gt;&gt;</a>&nbsp;&nbsp;&nbsp;Send_Byte
<LI><a href="#[a8]">&gt;&gt;</a>&nbsp;&nbsp;&nbsp;Serial_PutString
<LI><a href="#[16c]">&gt;&gt;</a>&nbsp;&nbsp;&nbsp;ota_ctrl_send_frame
</UL>

<P><STRONG><a name="[a8]"></a>Serial_PutString</STRONG> (Thumb, 22 bytes, Stack size 8 bytes, common.o(.text))
<BR><BR>[Stack]<UL><LI>Max Depth = 16<LI>Call Chain = Serial_PutString &rArr; SerialPutChar
</UL>
<BR>[Calls]<UL><LI><a href="#[a5]">&gt;&gt;</a>&nbsp;&nbsp;&nbsp;SerialPutChar
</UL>
<BR>[Called By]<UL><LI><a href="#[129]">&gt;&gt;</a>&nbsp;&nbsp;&nbsp;iap_serial_report_uart_flags
<LI><a href="#[112]">&gt;&gt;</a>&nbsp;&nbsp;&nbsp;iap_serial_report_txn_load
<LI><a href="#[114]">&gt;&gt;</a>&nbsp;&nbsp;&nbsp;iap_serial_report_code
<LI><a href="#[123]">&gt;&gt;</a>&nbsp;&nbsp;&nbsp;iap_serial_report_auth_failure
<LI><a href="#[191]">&gt;&gt;</a>&nbsp;&nbsp;&nbsp;iap_serial_put_hash_prefix
</UL>

<P><STRONG><a name="[a9]"></a>SerialResetRxState</STRONG> (Thumb, 24 bytes, Stack size 8 bytes, common.o(.text))
<BR><BR>[Stack]<UL><LI>Max Depth = 24<LI>Call Chain = SerialResetRxState &rArr; uart_rx_ring_take_error_flags
</UL>
<BR>[Calls]<UL><LI><a href="#[aa]">&gt;&gt;</a>&nbsp;&nbsp;&nbsp;uart_rx_ring_take_error_flags
<LI><a href="#[a4]">&gt;&gt;</a>&nbsp;&nbsp;&nbsp;uart_rx_ring_pop
</UL>
<BR>[Called By]<UL><LI><a href="#[16a]">&gt;&gt;</a>&nbsp;&nbsp;&nbsp;ota_ctrl_flush_uart
</UL>

<P><STRONG><a name="[ab]"></a>SerialTakeRxErrorFlags</STRONG> (Thumb, 8 bytes, Stack size 8 bytes, common.o(.text))
<BR><BR>[Stack]<UL><LI>Max Depth = 24<LI>Call Chain = SerialTakeRxErrorFlags &rArr; uart_rx_ring_take_error_flags
</UL>
<BR>[Calls]<UL><LI><a href="#[aa]">&gt;&gt;</a>&nbsp;&nbsp;&nbsp;uart_rx_ring_take_error_flags
</UL>
<BR>[Called By]<UL><LI><a href="#[d2]">&gt;&gt;</a>&nbsp;&nbsp;&nbsp;Receive_Byte
</UL>

<P><STRONG><a name="[7b]"></a>FLASH_If_Init</STRONG> (Thumb, 14 bytes, Stack size 8 bytes, flash_if.o(.text))
<BR><BR>[Stack]<UL><LI>Max Depth = 8<LI>Call Chain = FLASH_If_Init
</UL>
<BR>[Calls]<UL><LI><a href="#[ac]">&gt;&gt;</a>&nbsp;&nbsp;&nbsp;FLASH_Unlock
<LI><a href="#[ad]">&gt;&gt;</a>&nbsp;&nbsp;&nbsp;FLASH_ClearFlag
</UL>
<BR>[Called By]<UL><LI><a href="#[75]">&gt;&gt;</a>&nbsp;&nbsp;&nbsp;main
</UL>

<P><STRONG><a name="[ae]"></a>MY_FLASH_Erase</STRONG> (Thumb, 32 bytes, Stack size 16 bytes, flash_if.o(.text))
<BR><BR>[Stack]<UL><LI>Max Depth = 40<LI>Call Chain = MY_FLASH_Erase &rArr; FLASH_EraseSector &rArr; FLASH_WaitForLastOperation
</UL>
<BR>[Calls]<UL><LI><a href="#[b0]">&gt;&gt;</a>&nbsp;&nbsp;&nbsp;FLASH_EraseSector
<LI><a href="#[af]">&gt;&gt;</a>&nbsp;&nbsp;&nbsp;GetSector
</UL>
<BR>[Called By]<UL><LI><a href="#[142]">&gt;&gt;</a>&nbsp;&nbsp;&nbsp;journal_rewrite_sector
<LI><a href="#[e2]">&gt;&gt;</a>&nbsp;&nbsp;&nbsp;ota_data_erase_target_area
</UL>

<P><STRONG><a name="[b1]"></a>FLASH_If_Write</STRONG> (Thumb, 86 bytes, Stack size 24 bytes, flash_if.o(.text))
<BR><BR>[Stack]<UL><LI>Max Depth = 44<LI>Call Chain = FLASH_If_Write &rArr; FLASH_ProgramWord &rArr; FLASH_WaitForLastOperation
</UL>
<BR>[Calls]<UL><LI><a href="#[ac]">&gt;&gt;</a>&nbsp;&nbsp;&nbsp;FLASH_Unlock
<LI><a href="#[b2]">&gt;&gt;</a>&nbsp;&nbsp;&nbsp;FLASH_ProgramWord
<LI><a href="#[b3]">&gt;&gt;</a>&nbsp;&nbsp;&nbsp;FLASH_Lock
</UL>
<BR>[Called By]<UL><LI><a href="#[141]">&gt;&gt;</a>&nbsp;&nbsp;&nbsp;journal_write_slot
<LI><a href="#[ce]">&gt;&gt;</a>&nbsp;&nbsp;&nbsp;Ymodem_FlushFlashBuffered
<LI><a href="#[cd]">&gt;&gt;</a>&nbsp;&nbsp;&nbsp;Ymodem_WriteFlashBuffered
</UL>

<P><STRONG><a name="[cc]"></a>Ymodem_GetErrorCode</STRONG> (Thumb, 6 bytes, Stack size 0 bytes, ymodem.o(.text))
<BR><BR>[Called By]<UL><LI><a href="#[10e]">&gt;&gt;</a>&nbsp;&nbsp;&nbsp;iap_main
<LI><a href="#[eb]">&gt;&gt;</a>&nbsp;&nbsp;&nbsp;Ymodem_Receive
<LI><a href="#[c7]">&gt;&gt;</a>&nbsp;&nbsp;&nbsp;Ymodem_ConfigureTransfer
</UL>

<P><STRONG><a name="[ed]"></a>Ymodem_GetErrorStage</STRONG> (Thumb, 6 bytes, Stack size 0 bytes, ymodem.o(.text))
<BR><BR>[Called By]<UL><LI><a href="#[10e]">&gt;&gt;</a>&nbsp;&nbsp;&nbsp;iap_main
<LI><a href="#[eb]">&gt;&gt;</a>&nbsp;&nbsp;&nbsp;Ymodem_Receive
</UL>

<P><STRONG><a name="[127]"></a>Ymodem_GetUartErrorFlags</STRONG> (Thumb, 6 bytes, Stack size 0 bytes, ymodem.o(.text))
<BR><BR>[Called By]<UL><LI><a href="#[10e]">&gt;&gt;</a>&nbsp;&nbsp;&nbsp;iap_main
</UL>

<P><STRONG><a name="[128]"></a>Ymodem_GetLastAckedOffset</STRONG> (Thumb, 6 bytes, Stack size 0 bytes, ymodem.o(.text))
<BR><BR>[Called By]<UL><LI><a href="#[10e]">&gt;&gt;</a>&nbsp;&nbsp;&nbsp;iap_main
</UL>

<P><STRONG><a name="[c9]"></a>Ymodem_SetError</STRONG> (Thumb, 10 bytes, Stack size 0 bytes, ymodem.o(.text))
<BR><BR>[Called By]<UL><LI><a href="#[eb]">&gt;&gt;</a>&nbsp;&nbsp;&nbsp;Ymodem_Receive
<LI><a href="#[c7]">&gt;&gt;</a>&nbsp;&nbsp;&nbsp;Ymodem_ConfigureTransfer
<LI><a href="#[ea]">&gt;&gt;</a>&nbsp;&nbsp;&nbsp;ota_data_finalize_transfer
<LI><a href="#[e9]">&gt;&gt;</a>&nbsp;&nbsp;&nbsp;ota_data_process_chunk_frame
<LI><a href="#[e8]">&gt;&gt;</a>&nbsp;&nbsp;&nbsp;ota_data_maybe_persist_progress
<LI><a href="#[e6]">&gt;&gt;</a>&nbsp;&nbsp;&nbsp;ota_data_process_start_frame
<LI><a href="#[180]">&gt;&gt;</a>&nbsp;&nbsp;&nbsp;iap_set_header_error
</UL>

<P><STRONG><a name="[c8]"></a>Ymodem_ResetError</STRONG> (Thumb, 20 bytes, Stack size 0 bytes, ymodem.o(.text))
<BR><BR>[Called By]<UL><LI><a href="#[eb]">&gt;&gt;</a>&nbsp;&nbsp;&nbsp;Ymodem_Receive
<LI><a href="#[c7]">&gt;&gt;</a>&nbsp;&nbsp;&nbsp;Ymodem_ConfigureTransfer
</UL>

<P><STRONG><a name="[120]"></a>Ymodem_SetProgressCallback</STRONG> (Thumb, 6 bytes, Stack size 0 bytes, ymodem.o(.text))
<BR><BR>[Called By]<UL><LI><a href="#[10e]">&gt;&gt;</a>&nbsp;&nbsp;&nbsp;iap_main
</UL>

<P><STRONG><a name="[11c]"></a>Ymodem_SetHeaderValidator</STRONG> (Thumb, 10 bytes, Stack size 0 bytes, ymodem.o(.text))
<BR><BR>[Called By]<UL><LI><a href="#[10e]">&gt;&gt;</a>&nbsp;&nbsp;&nbsp;iap_main
</UL>

<P><STRONG><a name="[121]"></a>Ymodem_GetReceivedHeader</STRONG> (Thumb, 14 bytes, Stack size 0 bytes, ymodem.o(.text))
<BR><BR>[Called By]<UL><LI><a href="#[10e]">&gt;&gt;</a>&nbsp;&nbsp;&nbsp;iap_main
</UL>

<P><STRONG><a name="[193]"></a>Ymodem_GetReceivedFirmwareSize</STRONG> (Thumb, 6 bytes, Stack size 0 bytes, ymodem.o(.text))
<BR><BR>[Called By]<UL><LI><a href="#[122]">&gt;&gt;</a>&nbsp;&nbsp;&nbsp;iap_authorize_received_image
</UL>

<P><STRONG><a name="[194]"></a>Ymodem_GetHashDiagnostics</STRONG> (Thumb, 4 bytes, Stack size 0 bytes, ymodem.o(.text))
<BR><BR>[Called By]<UL><LI><a href="#[122]">&gt;&gt;</a>&nbsp;&nbsp;&nbsp;iap_authorize_received_image
</UL>

<P><STRONG><a name="[b7]"></a>OtaSha256_Init</STRONG> (Thumb, 52 bytes, Stack size 8 bytes, ymodem.o(.text))
<BR><BR>[Stack]<UL><LI>Max Depth = 12<LI>Call Chain = OtaSha256_Init &rArr; __aeabi_memclr4
</UL>
<BR>[Calls]<UL><LI><a href="#[b8]">&gt;&gt;</a>&nbsp;&nbsp;&nbsp;__aeabi_memclr4
</UL>
<BR>[Called By]<UL><LI><a href="#[be]">&gt;&gt;</a>&nbsp;&nbsp;&nbsp;OtaSha256_Compute
<LI><a href="#[c0]">&gt;&gt;</a>&nbsp;&nbsp;&nbsp;Ymodem_BodyHashBegin
</UL>

<P><STRONG><a name="[b9]"></a>OtaSha256_Update</STRONG> (Thumb, 114 bytes, Stack size 24 bytes, ymodem.o(.text))
<BR><BR>[Stack]<UL><LI>Max Depth = 360<LI>Call Chain = OtaSha256_Update &rArr; ota_sha256_transform
</UL>
<BR>[Calls]<UL><LI><a href="#[b4]">&gt;&gt;</a>&nbsp;&nbsp;&nbsp;ota_sha256_transform
<LI><a href="#[ba]">&gt;&gt;</a>&nbsp;&nbsp;&nbsp;__aeabi_memcpy
</UL>
<BR>[Called By]<UL><LI><a href="#[be]">&gt;&gt;</a>&nbsp;&nbsp;&nbsp;OtaSha256_Compute
<LI><a href="#[c2]">&gt;&gt;</a>&nbsp;&nbsp;&nbsp;Ymodem_BodyHashUpdate
<LI><a href="#[c1]">&gt;&gt;</a>&nbsp;&nbsp;&nbsp;Ymodem_BodyHashResumeFromFlash
</UL>

<P><STRONG><a name="[bb]"></a>OtaSha256_Final</STRONG> (Thumb, 292 bytes, Stack size 32 bytes, ymodem.o(.text))
<BR><BR>[Stack]<UL><LI>Max Depth = 368<LI>Call Chain = OtaSha256_Final &rArr; ota_sha256_transform
</UL>
<BR>[Calls]<UL><LI><a href="#[b4]">&gt;&gt;</a>&nbsp;&nbsp;&nbsp;ota_sha256_transform
<LI><a href="#[bd]">&gt;&gt;</a>&nbsp;&nbsp;&nbsp;ota_sha256_store_be32
<LI><a href="#[bc]">&gt;&gt;</a>&nbsp;&nbsp;&nbsp;__aeabi_llsr
</UL>
<BR>[Called By]<UL><LI><a href="#[be]">&gt;&gt;</a>&nbsp;&nbsp;&nbsp;OtaSha256_Compute
<LI><a href="#[c3]">&gt;&gt;</a>&nbsp;&nbsp;&nbsp;Ymodem_BodyHashFinish
</UL>

<P><STRONG><a name="[be]"></a>OtaSha256_Compute</STRONG> (Thumb, 48 bytes, Stack size 120 bytes, ymodem.o(.text))
<BR><BR>[Stack]<UL><LI>Max Depth = 488<LI>Call Chain = OtaSha256_Compute &rArr; OtaSha256_Final &rArr; ota_sha256_transform
</UL>
<BR>[Calls]<UL><LI><a href="#[bb]">&gt;&gt;</a>&nbsp;&nbsp;&nbsp;OtaSha256_Final
<LI><a href="#[b9]">&gt;&gt;</a>&nbsp;&nbsp;&nbsp;OtaSha256_Update
<LI><a href="#[b7]">&gt;&gt;</a>&nbsp;&nbsp;&nbsp;OtaSha256_Init
</UL>
<BR>[Called By]<UL><LI><a href="#[11b]">&gt;&gt;</a>&nbsp;&nbsp;&nbsp;iap_verify_image_header_signature
<LI><a href="#[122]">&gt;&gt;</a>&nbsp;&nbsp;&nbsp;iap_authorize_received_image
<LI><a href="#[c7]">&gt;&gt;</a>&nbsp;&nbsp;&nbsp;Ymodem_ConfigureTransfer
<LI><a href="#[184]">&gt;&gt;</a>&nbsp;&nbsp;&nbsp;iap_compute_flash_hash
<LI><a href="#[183]">&gt;&gt;</a>&nbsp;&nbsp;&nbsp;ota_sha256_self_test
</UL>

<P><STRONG><a name="[c7]"></a>Ymodem_ConfigureTransfer</STRONG> (Thumb, 246 bytes, Stack size 64 bytes, ymodem.o(.text))
<BR><BR>[Stack]<UL><LI>Max Depth = 552<LI>Call Chain = Ymodem_ConfigureTransfer &rArr; OtaSha256_Compute &rArr; OtaSha256_Final &rArr; ota_sha256_transform
</UL>
<BR>[Calls]<UL><LI><a href="#[be]">&gt;&gt;</a>&nbsp;&nbsp;&nbsp;OtaSha256_Compute
<LI><a href="#[c8]">&gt;&gt;</a>&nbsp;&nbsp;&nbsp;Ymodem_ResetError
<LI><a href="#[c9]">&gt;&gt;</a>&nbsp;&nbsp;&nbsp;Ymodem_SetError
<LI><a href="#[cc]">&gt;&gt;</a>&nbsp;&nbsp;&nbsp;Ymodem_GetErrorCode
<LI><a href="#[c6]">&gt;&gt;</a>&nbsp;&nbsp;&nbsp;Ymodem_ResetSessionState
<LI><a href="#[c4]">&gt;&gt;</a>&nbsp;&nbsp;&nbsp;ota_data_session_id_from_fingerprint
<LI><a href="#[cb]">&gt;&gt;</a>&nbsp;&nbsp;&nbsp;__aeabi_memcpy4
<LI><a href="#[ba]">&gt;&gt;</a>&nbsp;&nbsp;&nbsp;__aeabi_memcpy
<LI><a href="#[ca]">&gt;&gt;</a>&nbsp;&nbsp;&nbsp;memcmp
</UL>
<BR>[Called By]<UL><LI><a href="#[10e]">&gt;&gt;</a>&nbsp;&nbsp;&nbsp;iap_main
</UL>

<P><STRONG><a name="[eb]"></a>Ymodem_Receive</STRONG> (Thumb, 532 bytes, Stack size 608 bytes, ymodem.o(.text))
<BR><BR>[Stack]<UL><LI>Max Depth = 1760 + Unknown Stack Size
<LI>Call Chain = Ymodem_Receive &rArr; ota_data_process_chunk_frame &rArr; ota_data_send_nak &rArr; ota_data_send_frame &rArr; Send_Byte &rArr; SerialPutChar
</UL>
<BR>[Calls]<UL><LI><a href="#[ec]">&gt;&gt;</a>&nbsp;&nbsp;&nbsp;aesEncInit
<LI><a href="#[c8]">&gt;&gt;</a>&nbsp;&nbsp;&nbsp;Ymodem_ResetError
<LI><a href="#[c9]">&gt;&gt;</a>&nbsp;&nbsp;&nbsp;Ymodem_SetError
<LI><a href="#[ed]">&gt;&gt;</a>&nbsp;&nbsp;&nbsp;Ymodem_GetErrorStage
<LI><a href="#[cc]">&gt;&gt;</a>&nbsp;&nbsp;&nbsp;Ymodem_GetErrorCode
<LI><a href="#[ea]">&gt;&gt;</a>&nbsp;&nbsp;&nbsp;ota_data_finalize_transfer
<LI><a href="#[e9]">&gt;&gt;</a>&nbsp;&nbsp;&nbsp;ota_data_process_chunk_frame
<LI><a href="#[e6]">&gt;&gt;</a>&nbsp;&nbsp;&nbsp;ota_data_process_start_frame
<LI><a href="#[ee]">&gt;&gt;</a>&nbsp;&nbsp;&nbsp;ota_data_error_is_terminal
<LI><a href="#[dc]">&gt;&gt;</a>&nbsp;&nbsp;&nbsp;ota_data_receive_frame
<LI><a href="#[db]">&gt;&gt;</a>&nbsp;&nbsp;&nbsp;ota_data_send_abort
<LI><a href="#[da]">&gt;&gt;</a>&nbsp;&nbsp;&nbsp;ota_data_send_nak
<LI><a href="#[d9]">&gt;&gt;</a>&nbsp;&nbsp;&nbsp;ota_data_send_ack
<LI><a href="#[b8]">&gt;&gt;</a>&nbsp;&nbsp;&nbsp;__aeabi_memclr4
</UL>
<BR>[Called By]<UL><LI><a href="#[10e]">&gt;&gt;</a>&nbsp;&nbsp;&nbsp;iap_main
</UL>

<P><STRONG><a name="[10e]"></a>iap_main</STRONG> (Thumb, 2070 bytes, Stack size 1264 bytes, iap.o(.text))
<BR><BR>[Stack]<UL><LI>Max Depth = 3472 + Unknown Stack Size
<LI>Call Chain = iap_main &rArr; iap_authorize_received_image &rArr; ota_rsa_verify_signature &rArr; ota_rsa_mod_mul &rArr; ota_rsa_mod_double_inplace &rArr; ota_rsa_words_sub_inplace
</UL>
<BR>[Calls]<UL><LI><a href="#[f9]">&gt;&gt;</a>&nbsp;&nbsp;&nbsp;version_text_copy
<LI><a href="#[107]">&gt;&gt;</a>&nbsp;&nbsp;&nbsp;txn_save
<LI><a href="#[111]">&gt;&gt;</a>&nbsp;&nbsp;&nbsp;txn_load_with_diag
<LI><a href="#[118]">&gt;&gt;</a>&nbsp;&nbsp;&nbsp;txn_compact_with_boot_info
<LI><a href="#[105]">&gt;&gt;</a>&nbsp;&nbsp;&nbsp;txn_clear
<LI><a href="#[115]">&gt;&gt;</a>&nbsp;&nbsp;&nbsp;ota_ctrl_wait_for_upgrade_ready
<LI><a href="#[11a]">&gt;&gt;</a>&nbsp;&nbsp;&nbsp;ota_ctrl_wait_for_meta_image_header
<LI><a href="#[11e]">&gt;&gt;</a>&nbsp;&nbsp;&nbsp;ota_ctrl_show_stage
<LI><a href="#[f0]">&gt;&gt;</a>&nbsp;&nbsp;&nbsp;ota_ctrl_send_status
<LI><a href="#[119]">&gt;&gt;</a>&nbsp;&nbsp;&nbsp;ota_ctrl_send_go
<LI><a href="#[11b]">&gt;&gt;</a>&nbsp;&nbsp;&nbsp;iap_verify_image_header_signature
<LI><a href="#[5e]">&gt;&gt;</a>&nbsp;&nbsp;&nbsp;iap_validate_received_header
<LI><a href="#[126]">&gt;&gt;</a>&nbsp;&nbsp;&nbsp;iap_ui_show_upgrade_success
<LI><a href="#[10f]">&gt;&gt;</a>&nbsp;&nbsp;&nbsp;iap_ui_show_upgrade_prepare
<LI><a href="#[f7]">&gt;&gt;</a>&nbsp;&nbsp;&nbsp;iap_ui_show_upgrade_failure
<LI><a href="#[60]">&gt;&gt;</a>&nbsp;&nbsp;&nbsp;iap_show_ymodem_progress
<LI><a href="#[117]">&gt;&gt;</a>&nbsp;&nbsp;&nbsp;iap_show_resume_decision
<LI><a href="#[129]">&gt;&gt;</a>&nbsp;&nbsp;&nbsp;iap_serial_report_uart_flags
<LI><a href="#[112]">&gt;&gt;</a>&nbsp;&nbsp;&nbsp;iap_serial_report_txn_load
<LI><a href="#[114]">&gt;&gt;</a>&nbsp;&nbsp;&nbsp;iap_serial_report_code
<LI><a href="#[123]">&gt;&gt;</a>&nbsp;&nbsp;&nbsp;iap_serial_report_auth_failure
<LI><a href="#[11f]">&gt;&gt;</a>&nbsp;&nbsp;&nbsp;iap_reset_ymodem_progress
<LI><a href="#[f4]">&gt;&gt;</a>&nbsp;&nbsp;&nbsp;iap_init_watchdog
<LI><a href="#[10d]">&gt;&gt;</a>&nbsp;&nbsp;&nbsp;iap_feed_watchdog
<LI><a href="#[122]">&gt;&gt;</a>&nbsp;&nbsp;&nbsp;iap_authorize_received_image
<LI><a href="#[124]">&gt;&gt;</a>&nbsp;&nbsp;&nbsp;iap_auth_result_text
<LI><a href="#[fb]">&gt;&gt;</a>&nbsp;&nbsp;&nbsp;boot_info_save
<LI><a href="#[f2]">&gt;&gt;</a>&nbsp;&nbsp;&nbsp;boot_info_partition_address
<LI><a href="#[125]">&gt;&gt;</a>&nbsp;&nbsp;&nbsp;boot_info_mark_pending_install
<LI><a href="#[110]">&gt;&gt;</a>&nbsp;&nbsp;&nbsp;boot_info_load
<LI><a href="#[113]">&gt;&gt;</a>&nbsp;&nbsp;&nbsp;boot_info_inactive_partition
<LI><a href="#[10a]">&gt;&gt;</a>&nbsp;&nbsp;&nbsp;iap_send_result_best_effort
<LI><a href="#[108]">&gt;&gt;</a>&nbsp;&nbsp;&nbsp;iap_resume_match_reason
<LI><a href="#[11d]">&gt;&gt;</a>&nbsp;&nbsp;&nbsp;iap_transfer_error_is_terminal
<LI><a href="#[106]">&gt;&gt;</a>&nbsp;&nbsp;&nbsp;iap_txn_store_state
<LI><a href="#[109]">&gt;&gt;</a>&nbsp;&nbsp;&nbsp;iap_resume_effective_offset
<LI><a href="#[fe]">&gt;&gt;</a>&nbsp;&nbsp;&nbsp;iap_txn_begin_new
<LI><a href="#[fd]">&gt;&gt;</a>&nbsp;&nbsp;&nbsp;iap_txn_reset_transfer_info
<LI><a href="#[f8]">&gt;&gt;</a>&nbsp;&nbsp;&nbsp;iap_reset_request_and_return_active_app
<LI><a href="#[f6]">&gt;&gt;</a>&nbsp;&nbsp;&nbsp;iap_return_to_active_app
<LI><a href="#[f1]">&gt;&gt;</a>&nbsp;&nbsp;&nbsp;iap_try_jump_partition
<LI><a href="#[ef]">&gt;&gt;</a>&nbsp;&nbsp;&nbsp;iap_send_txn_load_diag
<LI><a href="#[116]">&gt;&gt;</a>&nbsp;&nbsp;&nbsp;ota_ctrl_error_name
<LI><a href="#[eb]">&gt;&gt;</a>&nbsp;&nbsp;&nbsp;Ymodem_Receive
<LI><a href="#[c7]">&gt;&gt;</a>&nbsp;&nbsp;&nbsp;Ymodem_ConfigureTransfer
<LI><a href="#[121]">&gt;&gt;</a>&nbsp;&nbsp;&nbsp;Ymodem_GetReceivedHeader
<LI><a href="#[11c]">&gt;&gt;</a>&nbsp;&nbsp;&nbsp;Ymodem_SetHeaderValidator
<LI><a href="#[120]">&gt;&gt;</a>&nbsp;&nbsp;&nbsp;Ymodem_SetProgressCallback
<LI><a href="#[128]">&gt;&gt;</a>&nbsp;&nbsp;&nbsp;Ymodem_GetLastAckedOffset
<LI><a href="#[127]">&gt;&gt;</a>&nbsp;&nbsp;&nbsp;Ymodem_GetUartErrorFlags
<LI><a href="#[ed]">&gt;&gt;</a>&nbsp;&nbsp;&nbsp;Ymodem_GetErrorStage
<LI><a href="#[cc]">&gt;&gt;</a>&nbsp;&nbsp;&nbsp;Ymodem_GetErrorCode
<LI><a href="#[98]">&gt;&gt;</a>&nbsp;&nbsp;&nbsp;delay_ms
<LI><a href="#[102]">&gt;&gt;</a>&nbsp;&nbsp;&nbsp;strcmp
<LI><a href="#[cb]">&gt;&gt;</a>&nbsp;&nbsp;&nbsp;__aeabi_memcpy4
</UL>
<BR>[Called By]<UL><LI><a href="#[81]">&gt;&gt;</a>&nbsp;&nbsp;&nbsp;iap_boot_entry
</UL>

<P><STRONG><a name="[81]"></a>iap_boot_entry</STRONG> (Thumb, 746 bytes, Stack size 176 bytes, iap.o(.text))
<BR><BR>[Stack]<UL><LI>Max Depth = 3648 + Unknown Stack Size
<LI>Call Chain = iap_boot_entry &rArr; iap_main &rArr; iap_authorize_received_image &rArr; ota_rsa_verify_signature &rArr; ota_rsa_mod_mul &rArr; ota_rsa_mod_double_inplace &rArr; ota_rsa_words_sub_inplace
</UL>
<BR>[Calls]<UL><LI><a href="#[f5]">&gt;&gt;</a>&nbsp;&nbsp;&nbsp;jump_to_app
<LI><a href="#[f3]">&gt;&gt;</a>&nbsp;&nbsp;&nbsp;is_app_valid
<LI><a href="#[126]">&gt;&gt;</a>&nbsp;&nbsp;&nbsp;iap_ui_show_upgrade_success
<LI><a href="#[10f]">&gt;&gt;</a>&nbsp;&nbsp;&nbsp;iap_ui_show_upgrade_prepare
<LI><a href="#[12e]">&gt;&gt;</a>&nbsp;&nbsp;&nbsp;iap_ui_show_boot_splash
<LI><a href="#[12c]">&gt;&gt;</a>&nbsp;&nbsp;&nbsp;iap_ui_boot_prepare
<LI><a href="#[f4]">&gt;&gt;</a>&nbsp;&nbsp;&nbsp;iap_init_watchdog
<LI><a href="#[10d]">&gt;&gt;</a>&nbsp;&nbsp;&nbsp;iap_feed_watchdog
<LI><a href="#[12a]">&gt;&gt;</a>&nbsp;&nbsp;&nbsp;get_reset_reason
<LI><a href="#[12b]">&gt;&gt;</a>&nbsp;&nbsp;&nbsp;clear_reset_flags
<LI><a href="#[12d]">&gt;&gt;</a>&nbsp;&nbsp;&nbsp;boot_info_switch_to_confirmed_slot
<LI><a href="#[fb]">&gt;&gt;</a>&nbsp;&nbsp;&nbsp;boot_info_save
<LI><a href="#[f2]">&gt;&gt;</a>&nbsp;&nbsp;&nbsp;boot_info_partition_address
<LI><a href="#[110]">&gt;&gt;</a>&nbsp;&nbsp;&nbsp;boot_info_load
<LI><a href="#[113]">&gt;&gt;</a>&nbsp;&nbsp;&nbsp;boot_info_inactive_partition
<LI><a href="#[10e]">&gt;&gt;</a>&nbsp;&nbsp;&nbsp;iap_main
<LI><a href="#[fc]">&gt;&gt;</a>&nbsp;&nbsp;&nbsp;NVIC_SystemReset
<LI><a href="#[10c]">&gt;&gt;</a>&nbsp;&nbsp;&nbsp;iap_delay_ms_with_optional_watchdog
<LI><a href="#[103]">&gt;&gt;</a>&nbsp;&nbsp;&nbsp;iap_try_clear_stale_completed_txn
<LI><a href="#[98]">&gt;&gt;</a>&nbsp;&nbsp;&nbsp;delay_ms
</UL>
<BR>[Called By]<UL><LI><a href="#[75]">&gt;&gt;</a>&nbsp;&nbsp;&nbsp;main
</UL>

<P><STRONG><a name="[133]"></a>version_text_is_valid</STRONG> (Thumb, 86 bytes, Stack size 12 bytes, iap_boot_info.o(.text))
<BR><BR>[Stack]<UL><LI>Max Depth = 12<LI>Call Chain = version_text_is_valid
</UL>
<BR>[Called By]<UL><LI><a href="#[143]">&gt;&gt;</a>&nbsp;&nbsp;&nbsp;version_text_compare
<LI><a href="#[f9]">&gt;&gt;</a>&nbsp;&nbsp;&nbsp;version_text_copy
<LI><a href="#[5e]">&gt;&gt;</a>&nbsp;&nbsp;&nbsp;iap_validate_received_header
<LI><a href="#[175]">&gt;&gt;</a>&nbsp;&nbsp;&nbsp;ota_ctrl_extract_ready_info
</UL>

<P><STRONG><a name="[f9]"></a>version_text_copy</STRONG> (Thumb, 90 bytes, Stack size 24 bytes, iap_boot_info.o(.text))
<BR><BR>[Stack]<UL><LI>Max Depth = 36<LI>Call Chain = version_text_copy &rArr; version_text_is_valid
</UL>
<BR>[Calls]<UL><LI><a href="#[133]">&gt;&gt;</a>&nbsp;&nbsp;&nbsp;version_text_is_valid
</UL>
<BR>[Called By]<UL><LI><a href="#[14c]">&gt;&gt;</a>&nbsp;&nbsp;&nbsp;boot_info_normalize
<LI><a href="#[14b]">&gt;&gt;</a>&nbsp;&nbsp;&nbsp;boot_info_migrate_v1
<LI><a href="#[14a]">&gt;&gt;</a>&nbsp;&nbsp;&nbsp;boot_info_migrate_v2
<LI><a href="#[147]">&gt;&gt;</a>&nbsp;&nbsp;&nbsp;boot_info_init_default
<LI><a href="#[145]">&gt;&gt;</a>&nbsp;&nbsp;&nbsp;boot_info_set_min_version
<LI><a href="#[134]">&gt;&gt;</a>&nbsp;&nbsp;&nbsp;txn_prepare_for_store
<LI><a href="#[ff]">&gt;&gt;</a>&nbsp;&nbsp;&nbsp;txn_init_default
<LI><a href="#[fa]">&gt;&gt;</a>&nbsp;&nbsp;&nbsp;boot_info_sync_current_version
<LI><a href="#[12d]">&gt;&gt;</a>&nbsp;&nbsp;&nbsp;boot_info_switch_to_confirmed_slot
<LI><a href="#[125]">&gt;&gt;</a>&nbsp;&nbsp;&nbsp;boot_info_mark_pending_install
<LI><a href="#[10e]">&gt;&gt;</a>&nbsp;&nbsp;&nbsp;iap_main
<LI><a href="#[fe]">&gt;&gt;</a>&nbsp;&nbsp;&nbsp;iap_txn_begin_new
<LI><a href="#[f8]">&gt;&gt;</a>&nbsp;&nbsp;&nbsp;iap_reset_request_and_return_active_app
</UL>

<P><STRONG><a name="[ff]"></a>txn_init_default</STRONG> (Thumb, 116 bytes, Stack size 8 bytes, iap_boot_info.o(.text))
<BR><BR>[Stack]<UL><LI>Max Depth = 44<LI>Call Chain = txn_init_default &rArr; version_text_copy &rArr; version_text_is_valid
</UL>
<BR>[Calls]<UL><LI><a href="#[132]">&gt;&gt;</a>&nbsp;&nbsp;&nbsp;txn_compute_crc
<LI><a href="#[f9]">&gt;&gt;</a>&nbsp;&nbsp;&nbsp;version_text_copy
<LI><a href="#[b8]">&gt;&gt;</a>&nbsp;&nbsp;&nbsp;__aeabi_memclr4
</UL>
<BR>[Called By]<UL><LI><a href="#[151]">&gt;&gt;</a>&nbsp;&nbsp;&nbsp;txn_read_current_with_diag
<LI><a href="#[105]">&gt;&gt;</a>&nbsp;&nbsp;&nbsp;txn_clear
<LI><a href="#[fe]">&gt;&gt;</a>&nbsp;&nbsp;&nbsp;iap_txn_begin_new
</UL>

<P><STRONG><a name="[113]"></a>boot_info_inactive_partition</STRONG> (Thumb, 14 bytes, Stack size 0 bytes, iap_boot_info.o(.text))
<BR><BR>[Called By]<UL><LI><a href="#[14c]">&gt;&gt;</a>&nbsp;&nbsp;&nbsp;boot_info_normalize
<LI><a href="#[14b]">&gt;&gt;</a>&nbsp;&nbsp;&nbsp;boot_info_migrate_v1
<LI><a href="#[14a]">&gt;&gt;</a>&nbsp;&nbsp;&nbsp;boot_info_migrate_v2
<LI><a href="#[134]">&gt;&gt;</a>&nbsp;&nbsp;&nbsp;txn_prepare_for_store
<LI><a href="#[5e]">&gt;&gt;</a>&nbsp;&nbsp;&nbsp;iap_validate_received_header
<LI><a href="#[12d]">&gt;&gt;</a>&nbsp;&nbsp;&nbsp;boot_info_switch_to_confirmed_slot
<LI><a href="#[125]">&gt;&gt;</a>&nbsp;&nbsp;&nbsp;boot_info_mark_pending_install
<LI><a href="#[10e]">&gt;&gt;</a>&nbsp;&nbsp;&nbsp;iap_main
<LI><a href="#[81]">&gt;&gt;</a>&nbsp;&nbsp;&nbsp;iap_boot_entry
</UL>

<P><STRONG><a name="[143]"></a>version_text_compare</STRONG> (Thumb, 142 bytes, Stack size 32 bytes, iap_boot_info.o(.text))
<BR><BR>[Stack]<UL><LI>Max Depth = 48<LI>Call Chain = version_text_compare &rArr; version_read_component
</UL>
<BR>[Calls]<UL><LI><a href="#[133]">&gt;&gt;</a>&nbsp;&nbsp;&nbsp;version_text_is_valid
<LI><a href="#[144]">&gt;&gt;</a>&nbsp;&nbsp;&nbsp;version_read_component
</UL>
<BR>[Called By]<UL><LI><a href="#[145]">&gt;&gt;</a>&nbsp;&nbsp;&nbsp;boot_info_set_min_version
<LI><a href="#[5e]">&gt;&gt;</a>&nbsp;&nbsp;&nbsp;iap_validate_received_header
</UL>

<P><STRONG><a name="[146]"></a>boot_info_get_partition_version</STRONG> (Thumb, 50 bytes, Stack size 16 bytes, iap_boot_info.o(.text))
<BR><BR>[Stack]<UL><LI>Max Depth = 32<LI>Call Chain = boot_info_get_partition_version &rArr; boot_version_field_is_valid
</UL>
<BR>[Calls]<UL><LI><a href="#[136]">&gt;&gt;</a>&nbsp;&nbsp;&nbsp;boot_version_field_is_valid
</UL>
<BR>[Called By]<UL><LI><a href="#[14c]">&gt;&gt;</a>&nbsp;&nbsp;&nbsp;boot_info_normalize
<LI><a href="#[14b]">&gt;&gt;</a>&nbsp;&nbsp;&nbsp;boot_info_migrate_v1
<LI><a href="#[14a]">&gt;&gt;</a>&nbsp;&nbsp;&nbsp;boot_info_migrate_v2
<LI><a href="#[148]">&gt;&gt;</a>&nbsp;&nbsp;&nbsp;boot_info_is_valid
<LI><a href="#[fa]">&gt;&gt;</a>&nbsp;&nbsp;&nbsp;boot_info_sync_current_version
</UL>

<P><STRONG><a name="[fa]"></a>boot_info_sync_current_version</STRONG> (Thumb, 34 bytes, Stack size 16 bytes, iap_boot_info.o(.text))
<BR><BR>[Stack]<UL><LI>Max Depth = 52<LI>Call Chain = boot_info_sync_current_version &rArr; version_text_copy &rArr; version_text_is_valid
</UL>
<BR>[Calls]<UL><LI><a href="#[146]">&gt;&gt;</a>&nbsp;&nbsp;&nbsp;boot_info_get_partition_version
<LI><a href="#[f9]">&gt;&gt;</a>&nbsp;&nbsp;&nbsp;version_text_copy
</UL>
<BR>[Called By]<UL><LI><a href="#[14e]">&gt;&gt;</a>&nbsp;&nbsp;&nbsp;boot_info_prepare_for_store
<LI><a href="#[14c]">&gt;&gt;</a>&nbsp;&nbsp;&nbsp;boot_info_normalize
<LI><a href="#[14b]">&gt;&gt;</a>&nbsp;&nbsp;&nbsp;boot_info_migrate_v1
<LI><a href="#[14a]">&gt;&gt;</a>&nbsp;&nbsp;&nbsp;boot_info_migrate_v2
<LI><a href="#[147]">&gt;&gt;</a>&nbsp;&nbsp;&nbsp;boot_info_init_default
<LI><a href="#[12d]">&gt;&gt;</a>&nbsp;&nbsp;&nbsp;boot_info_switch_to_confirmed_slot
<LI><a href="#[125]">&gt;&gt;</a>&nbsp;&nbsp;&nbsp;boot_info_mark_pending_install
<LI><a href="#[f8]">&gt;&gt;</a>&nbsp;&nbsp;&nbsp;iap_reset_request_and_return_active_app
</UL>

<P><STRONG><a name="[f2]"></a>boot_info_partition_address</STRONG> (Thumb, 14 bytes, Stack size 0 bytes, iap_boot_info.o(.text))
<BR><BR>[Called By]<UL><LI><a href="#[10e]">&gt;&gt;</a>&nbsp;&nbsp;&nbsp;iap_main
<LI><a href="#[f1]">&gt;&gt;</a>&nbsp;&nbsp;&nbsp;iap_try_jump_partition
<LI><a href="#[81]">&gt;&gt;</a>&nbsp;&nbsp;&nbsp;iap_boot_entry
</UL>

<P><STRONG><a name="[125]"></a>boot_info_mark_pending_install</STRONG> (Thumb, 84 bytes, Stack size 16 bytes, iap_boot_info.o(.text))
<BR><BR>[Stack]<UL><LI>Max Depth = 68<LI>Call Chain = boot_info_mark_pending_install &rArr; boot_info_sync_current_version &rArr; version_text_copy &rArr; version_text_is_valid
</UL>
<BR>[Calls]<UL><LI><a href="#[14d]">&gt;&gt;</a>&nbsp;&nbsp;&nbsp;boot_info_partition_version_ptr
<LI><a href="#[f9]">&gt;&gt;</a>&nbsp;&nbsp;&nbsp;version_text_copy
<LI><a href="#[fa]">&gt;&gt;</a>&nbsp;&nbsp;&nbsp;boot_info_sync_current_version
<LI><a href="#[113]">&gt;&gt;</a>&nbsp;&nbsp;&nbsp;boot_info_inactive_partition
</UL>
<BR>[Called By]<UL><LI><a href="#[10e]">&gt;&gt;</a>&nbsp;&nbsp;&nbsp;iap_main
</UL>

<P><STRONG><a name="[12d]"></a>boot_info_switch_to_confirmed_slot</STRONG> (Thumb, 98 bytes, Stack size 16 bytes, iap_boot_info.o(.text))
<BR><BR>[Stack]<UL><LI>Max Depth = 88<LI>Call Chain = boot_info_switch_to_confirmed_slot &rArr; boot_info_set_min_version &rArr; version_text_compare &rArr; version_read_component
</UL>
<BR>[Calls]<UL><LI><a href="#[145]">&gt;&gt;</a>&nbsp;&nbsp;&nbsp;boot_info_set_min_version
<LI><a href="#[f9]">&gt;&gt;</a>&nbsp;&nbsp;&nbsp;version_text_copy
<LI><a href="#[fa]">&gt;&gt;</a>&nbsp;&nbsp;&nbsp;boot_info_sync_current_version
<LI><a href="#[113]">&gt;&gt;</a>&nbsp;&nbsp;&nbsp;boot_info_inactive_partition
</UL>
<BR>[Called By]<UL><LI><a href="#[81]">&gt;&gt;</a>&nbsp;&nbsp;&nbsp;iap_boot_entry
</UL>

<P><STRONG><a name="[fb]"></a>boot_info_save</STRONG> (Thumb, 24 bytes, Stack size 8 bytes, iap_boot_info.o(.text))
<BR><BR>[Stack]<UL><LI>Max Depth = 1772 + Unknown Stack Size
<LI>Call Chain = boot_info_save &rArr; journal_commit_records &rArr; journal_rewrite_sector &rArr; journal_write_slot &rArr; FLASH_If_Write &rArr; FLASH_ProgramWord &rArr; FLASH_WaitForLastOperation
</UL>
<BR>[Calls]<UL><LI><a href="#[153]">&gt;&gt;</a>&nbsp;&nbsp;&nbsp;journal_commit_records
</UL>
<BR>[Called By]<UL><LI><a href="#[110]">&gt;&gt;</a>&nbsp;&nbsp;&nbsp;boot_info_load
<LI><a href="#[10e]">&gt;&gt;</a>&nbsp;&nbsp;&nbsp;iap_main
<LI><a href="#[f8]">&gt;&gt;</a>&nbsp;&nbsp;&nbsp;iap_reset_request_and_return_active_app
<LI><a href="#[81]">&gt;&gt;</a>&nbsp;&nbsp;&nbsp;iap_boot_entry
</UL>

<P><STRONG><a name="[110]"></a>boot_info_load</STRONG> (Thumb, 64 bytes, Stack size 280 bytes, iap_boot_info.o(.text))
<BR><BR>[Stack]<UL><LI>Max Depth = 2052 + Unknown Stack Size
<LI>Call Chain = boot_info_load &rArr; boot_info_save &rArr; journal_commit_records &rArr; journal_rewrite_sector &rArr; journal_write_slot &rArr; FLASH_If_Write &rArr; FLASH_ProgramWord &rArr; FLASH_WaitForLastOperation
</UL>
<BR>[Calls]<UL><LI><a href="#[152]">&gt;&gt;</a>&nbsp;&nbsp;&nbsp;txn_read_current
<LI><a href="#[14f]">&gt;&gt;</a>&nbsp;&nbsp;&nbsp;boot_info_read_current
<LI><a href="#[fb]">&gt;&gt;</a>&nbsp;&nbsp;&nbsp;boot_info_save
</UL>
<BR>[Called By]<UL><LI><a href="#[10e]">&gt;&gt;</a>&nbsp;&nbsp;&nbsp;iap_main
<LI><a href="#[81]">&gt;&gt;</a>&nbsp;&nbsp;&nbsp;iap_boot_entry
</UL>

<P><STRONG><a name="[104]"></a>txn_load</STRONG> (Thumb, 14 bytes, Stack size 8 bytes, iap_boot_info.o(.text))
<BR><BR>[Stack]<UL><LI>Max Depth = 164<LI>Call Chain = txn_load &rArr; txn_read_current &rArr; txn_read_current_with_diag &rArr; txn_scan_region &rArr; txn_diag_record_slot_reason &rArr; txn_diag_record_validate_reason &rArr; txn_validate_reason &rArr; txn_compute_crc &rArr; iap_crc32_update
</UL>
<BR>[Calls]<UL><LI><a href="#[152]">&gt;&gt;</a>&nbsp;&nbsp;&nbsp;txn_read_current
</UL>
<BR>[Called By]<UL><LI><a href="#[103]">&gt;&gt;</a>&nbsp;&nbsp;&nbsp;iap_try_clear_stale_completed_txn
</UL>

<P><STRONG><a name="[111]"></a>txn_load_with_diag</STRONG> (Thumb, 88 bytes, Stack size 40 bytes, iap_boot_info.o(.text))
<BR><BR>[Stack]<UL><LI>Max Depth = 196<LI>Call Chain = txn_load_with_diag &rArr; txn_read_current &rArr; txn_read_current_with_diag &rArr; txn_scan_region &rArr; txn_diag_record_slot_reason &rArr; txn_diag_record_validate_reason &rArr; txn_validate_reason &rArr; txn_compute_crc &rArr; iap_crc32_update
</UL>
<BR>[Calls]<UL><LI><a href="#[152]">&gt;&gt;</a>&nbsp;&nbsp;&nbsp;txn_read_current
<LI><a href="#[151]">&gt;&gt;</a>&nbsp;&nbsp;&nbsp;txn_read_current_with_diag
<LI><a href="#[b8]">&gt;&gt;</a>&nbsp;&nbsp;&nbsp;__aeabi_memclr4
</UL>
<BR>[Called By]<UL><LI><a href="#[10e]">&gt;&gt;</a>&nbsp;&nbsp;&nbsp;iap_main
</UL>

<P><STRONG><a name="[107]"></a>txn_save</STRONG> (Thumb, 24 bytes, Stack size 8 bytes, iap_boot_info.o(.text))
<BR><BR>[Stack]<UL><LI>Max Depth = 1772 + Unknown Stack Size
<LI>Call Chain = txn_save &rArr; journal_commit_records &rArr; journal_rewrite_sector &rArr; journal_write_slot &rArr; FLASH_If_Write &rArr; FLASH_ProgramWord &rArr; FLASH_WaitForLastOperation
</UL>
<BR>[Calls]<UL><LI><a href="#[153]">&gt;&gt;</a>&nbsp;&nbsp;&nbsp;journal_commit_records
</UL>
<BR>[Called By]<UL><LI><a href="#[105]">&gt;&gt;</a>&nbsp;&nbsp;&nbsp;txn_clear
<LI><a href="#[10e]">&gt;&gt;</a>&nbsp;&nbsp;&nbsp;iap_main
<LI><a href="#[5f]">&gt;&gt;</a>&nbsp;&nbsp;&nbsp;iap_checkpoint_save
<LI><a href="#[106]">&gt;&gt;</a>&nbsp;&nbsp;&nbsp;iap_txn_store_state
</UL>

<P><STRONG><a name="[118]"></a>txn_compact_with_boot_info</STRONG> (Thumb, 126 bytes, Stack size 888 bytes, iap_boot_info.o(.text))
<BR><BR>[Stack]<UL><LI>Max Depth = 1492 + Unknown Stack Size
<LI>Call Chain = txn_compact_with_boot_info &rArr; journal_rewrite_sector &rArr; journal_write_slot &rArr; FLASH_If_Write &rArr; FLASH_ProgramWord &rArr; FLASH_WaitForLastOperation
</UL>
<BR>[Calls]<UL><LI><a href="#[152]">&gt;&gt;</a>&nbsp;&nbsp;&nbsp;txn_read_current
<LI><a href="#[14f]">&gt;&gt;</a>&nbsp;&nbsp;&nbsp;boot_info_read_current
<LI><a href="#[14e]">&gt;&gt;</a>&nbsp;&nbsp;&nbsp;boot_info_prepare_for_store
<LI><a href="#[14c]">&gt;&gt;</a>&nbsp;&nbsp;&nbsp;boot_info_normalize
<LI><a href="#[142]">&gt;&gt;</a>&nbsp;&nbsp;&nbsp;journal_rewrite_sector
<LI><a href="#[154]">&gt;&gt;</a>&nbsp;&nbsp;&nbsp;journal_seq_next
<LI><a href="#[134]">&gt;&gt;</a>&nbsp;&nbsp;&nbsp;txn_prepare_for_store
<LI><a href="#[cb]">&gt;&gt;</a>&nbsp;&nbsp;&nbsp;__aeabi_memcpy4
</UL>
<BR>[Called By]<UL><LI><a href="#[10e]">&gt;&gt;</a>&nbsp;&nbsp;&nbsp;iap_main
</UL>

<P><STRONG><a name="[105]"></a>txn_clear</STRONG> (Thumb, 20 bytes, Stack size 240 bytes, iap_boot_info.o(.text))
<BR><BR>[Stack]<UL><LI>Max Depth = 2012 + Unknown Stack Size
<LI>Call Chain = txn_clear &rArr; txn_save &rArr; journal_commit_records &rArr; journal_rewrite_sector &rArr; journal_write_slot &rArr; FLASH_If_Write &rArr; FLASH_ProgramWord &rArr; FLASH_WaitForLastOperation
</UL>
<BR>[Calls]<UL><LI><a href="#[107]">&gt;&gt;</a>&nbsp;&nbsp;&nbsp;txn_save
<LI><a href="#[ff]">&gt;&gt;</a>&nbsp;&nbsp;&nbsp;txn_init_default
</UL>
<BR>[Called By]<UL><LI><a href="#[10e]">&gt;&gt;</a>&nbsp;&nbsp;&nbsp;iap_main
<LI><a href="#[103]">&gt;&gt;</a>&nbsp;&nbsp;&nbsp;iap_try_clear_stale_completed_txn
</UL>

<P><STRONG><a name="[12c]"></a>iap_ui_boot_prepare</STRONG> (Thumb, 66 bytes, Stack size 8 bytes, iap_ui.o(.text))
<BR><BR>[Stack]<UL><LI>Max Depth = 84<LI>Call Chain = iap_ui_boot_prepare &rArr; LCD_Init &rArr; LCD_GPIO_Init &rArr; lcd_spi_gpio_apply &rArr; GPIO_PinAFConfig
</UL>
<BR>[Calls]<UL><LI><a href="#[97]">&gt;&gt;</a>&nbsp;&nbsp;&nbsp;LCD_Init
<LI><a href="#[8f]">&gt;&gt;</a>&nbsp;&nbsp;&nbsp;LCD_GPIO_Rebind
</UL>
<BR>[Called By]<UL><LI><a href="#[81]">&gt;&gt;</a>&nbsp;&nbsp;&nbsp;iap_boot_entry
</UL>

<P><STRONG><a name="[12e]"></a>iap_ui_show_boot_splash</STRONG> (Thumb, 148 bytes, Stack size 8 bytes, iap_ui.o(.text))
<BR><BR>[Stack]<UL><LI>Max Depth = 232<LI>Call Chain = iap_ui_show_boot_splash &rArr; iap_ui_draw_ascii_center &rArr; LCD_ShowString &rArr; LCD_ShowChar &rArr; LCD_DrawPoint &rArr; LCD_Address_Set &rArr; LCD_WR_REG &rArr; LCD_Writ_Bus
</UL>
<BR>[Calls]<UL><LI><a href="#[162]">&gt;&gt;</a>&nbsp;&nbsp;&nbsp;iap_ui_present_if_needed
<LI><a href="#[158]">&gt;&gt;</a>&nbsp;&nbsp;&nbsp;iap_ui_draw_ascii_center
<LI><a href="#[9b]">&gt;&gt;</a>&nbsp;&nbsp;&nbsp;LCD_DrawRectangle
<LI><a href="#[99]">&gt;&gt;</a>&nbsp;&nbsp;&nbsp;LCD_Fill
</UL>
<BR>[Called By]<UL><LI><a href="#[81]">&gt;&gt;</a>&nbsp;&nbsp;&nbsp;iap_boot_entry
</UL>

<P><STRONG><a name="[10f]"></a>iap_ui_show_upgrade_prepare</STRONG> (Thumb, 44 bytes, Stack size 8 bytes, iap_ui.o(.text))
<BR><BR>[Stack]<UL><LI>Max Depth = 296 + Unknown Stack Size
<LI>Call Chain = iap_ui_show_upgrade_prepare &rArr; iap_ui_render_upgrade_screen &rArr; iap_ui_draw_progress_percent &rArr; iap_ui_draw_ascii_center &rArr; LCD_ShowString &rArr; LCD_ShowChar &rArr; LCD_DrawPoint &rArr; LCD_Address_Set &rArr; LCD_WR_REG &rArr; LCD_Writ_Bus
</UL>
<BR>[Calls]<UL><LI><a href="#[164]">&gt;&gt;</a>&nbsp;&nbsp;&nbsp;iap_ui_render_upgrade_screen
<LI><a href="#[162]">&gt;&gt;</a>&nbsp;&nbsp;&nbsp;iap_ui_present_if_needed
</UL>
<BR>[Called By]<UL><LI><a href="#[11e]">&gt;&gt;</a>&nbsp;&nbsp;&nbsp;ota_ctrl_show_stage
<LI><a href="#[10e]">&gt;&gt;</a>&nbsp;&nbsp;&nbsp;iap_main
<LI><a href="#[81]">&gt;&gt;</a>&nbsp;&nbsp;&nbsp;iap_boot_entry
<LI><a href="#[167]">&gt;&gt;</a>&nbsp;&nbsp;&nbsp;ota_ctrl_show_ready_info
<LI><a href="#[166]">&gt;&gt;</a>&nbsp;&nbsp;&nbsp;ota_ctrl_show_status_text
<LI><a href="#[165]">&gt;&gt;</a>&nbsp;&nbsp;&nbsp;ota_ctrl_show_status_lines
</UL>

<P><STRONG><a name="[126]"></a>iap_ui_show_upgrade_success</STRONG> (Thumb, 44 bytes, Stack size 8 bytes, iap_ui.o(.text))
<BR><BR>[Stack]<UL><LI>Max Depth = 296 + Unknown Stack Size
<LI>Call Chain = iap_ui_show_upgrade_success &rArr; iap_ui_render_upgrade_screen &rArr; iap_ui_draw_progress_percent &rArr; iap_ui_draw_ascii_center &rArr; LCD_ShowString &rArr; LCD_ShowChar &rArr; LCD_DrawPoint &rArr; LCD_Address_Set &rArr; LCD_WR_REG &rArr; LCD_Writ_Bus
</UL>
<BR>[Calls]<UL><LI><a href="#[164]">&gt;&gt;</a>&nbsp;&nbsp;&nbsp;iap_ui_render_upgrade_screen
<LI><a href="#[162]">&gt;&gt;</a>&nbsp;&nbsp;&nbsp;iap_ui_present_if_needed
</UL>
<BR>[Called By]<UL><LI><a href="#[11e]">&gt;&gt;</a>&nbsp;&nbsp;&nbsp;ota_ctrl_show_stage
<LI><a href="#[10e]">&gt;&gt;</a>&nbsp;&nbsp;&nbsp;iap_main
<LI><a href="#[81]">&gt;&gt;</a>&nbsp;&nbsp;&nbsp;iap_boot_entry
</UL>

<P><STRONG><a name="[f7]"></a>iap_ui_show_upgrade_failure</STRONG> (Thumb, 70 bytes, Stack size 16 bytes, iap_ui.o(.text))
<BR><BR>[Stack]<UL><LI>Max Depth = 304 + Unknown Stack Size
<LI>Call Chain = iap_ui_show_upgrade_failure &rArr; iap_ui_render_upgrade_screen &rArr; iap_ui_draw_progress_percent &rArr; iap_ui_draw_ascii_center &rArr; LCD_ShowString &rArr; LCD_ShowChar &rArr; LCD_DrawPoint &rArr; LCD_Address_Set &rArr; LCD_WR_REG &rArr; LCD_Writ_Bus
</UL>
<BR>[Calls]<UL><LI><a href="#[164]">&gt;&gt;</a>&nbsp;&nbsp;&nbsp;iap_ui_render_upgrade_screen
<LI><a href="#[162]">&gt;&gt;</a>&nbsp;&nbsp;&nbsp;iap_ui_present_if_needed
</UL>
<BR>[Called By]<UL><LI><a href="#[10e]">&gt;&gt;</a>&nbsp;&nbsp;&nbsp;iap_main
<LI><a href="#[f8]">&gt;&gt;</a>&nbsp;&nbsp;&nbsp;iap_reset_request_and_return_active_app
<LI><a href="#[f6]">&gt;&gt;</a>&nbsp;&nbsp;&nbsp;iap_return_to_active_app
<LI><a href="#[169]">&gt;&gt;</a>&nbsp;&nbsp;&nbsp;ota_ctrl_show_ack_reject_reason
<LI><a href="#[168]">&gt;&gt;</a>&nbsp;&nbsp;&nbsp;ota_ctrl_show_error_code
<LI><a href="#[166]">&gt;&gt;</a>&nbsp;&nbsp;&nbsp;ota_ctrl_show_status_text
<LI><a href="#[165]">&gt;&gt;</a>&nbsp;&nbsp;&nbsp;ota_ctrl_show_status_lines
</UL>

<P><STRONG><a name="[165]"></a>ota_ctrl_show_status_lines</STRONG> (Thumb, 52 bytes, Stack size 24 bytes, iap_ui.o(.text), UNUSED)
<BR><BR>[Calls]<UL><LI><a href="#[15d]">&gt;&gt;</a>&nbsp;&nbsp;&nbsp;iap_ui_text_has_error
<LI><a href="#[10f]">&gt;&gt;</a>&nbsp;&nbsp;&nbsp;iap_ui_show_upgrade_prepare
<LI><a href="#[f7]">&gt;&gt;</a>&nbsp;&nbsp;&nbsp;iap_ui_show_upgrade_failure
</UL>

<P><STRONG><a name="[166]"></a>ota_ctrl_show_status_text</STRONG> (Thumb, 36 bytes, Stack size 16 bytes, iap_ui.o(.text))
<BR><BR>[Stack]<UL><LI>Max Depth = 320 + Unknown Stack Size
<LI>Call Chain = ota_ctrl_show_status_text &rArr; iap_ui_show_upgrade_failure &rArr; iap_ui_render_upgrade_screen &rArr; iap_ui_draw_progress_percent &rArr; iap_ui_draw_ascii_center &rArr; LCD_ShowString &rArr; LCD_ShowChar &rArr; LCD_DrawPoint &rArr; LCD_Address_Set &rArr; LCD_WR_REG &rArr; LCD_Writ_Bus
</UL>
<BR>[Calls]<UL><LI><a href="#[15d]">&gt;&gt;</a>&nbsp;&nbsp;&nbsp;iap_ui_text_has_error
<LI><a href="#[10f]">&gt;&gt;</a>&nbsp;&nbsp;&nbsp;iap_ui_show_upgrade_prepare
<LI><a href="#[f7]">&gt;&gt;</a>&nbsp;&nbsp;&nbsp;iap_ui_show_upgrade_failure
</UL>
<BR>[Called By]<UL><LI><a href="#[115]">&gt;&gt;</a>&nbsp;&nbsp;&nbsp;ota_ctrl_wait_for_upgrade_ready
</UL>

<P><STRONG><a name="[11e]"></a>ota_ctrl_show_stage</STRONG> (Thumb, 78 bytes, Stack size 32 bytes, iap_ui.o(.text))
<BR><BR>[Stack]<UL><LI>Max Depth = 328 + Unknown Stack Size
<LI>Call Chain = ota_ctrl_show_stage &rArr; iap_ui_show_upgrade_success &rArr; iap_ui_render_upgrade_screen &rArr; iap_ui_draw_progress_percent &rArr; iap_ui_draw_ascii_center &rArr; LCD_ShowString &rArr; LCD_ShowChar &rArr; LCD_DrawPoint &rArr; LCD_Address_Set &rArr; LCD_WR_REG &rArr; LCD_Writ_Bus
</UL>
<BR>[Calls]<UL><LI><a href="#[164]">&gt;&gt;</a>&nbsp;&nbsp;&nbsp;iap_ui_render_upgrade_screen
<LI><a href="#[126]">&gt;&gt;</a>&nbsp;&nbsp;&nbsp;iap_ui_show_upgrade_success
<LI><a href="#[10f]">&gt;&gt;</a>&nbsp;&nbsp;&nbsp;iap_ui_show_upgrade_prepare
</UL>
<BR>[Called By]<UL><LI><a href="#[115]">&gt;&gt;</a>&nbsp;&nbsp;&nbsp;ota_ctrl_wait_for_upgrade_ready
<LI><a href="#[10e]">&gt;&gt;</a>&nbsp;&nbsp;&nbsp;iap_main
</UL>

<P><STRONG><a name="[167]"></a>ota_ctrl_show_ready_info</STRONG> (Thumb, 16 bytes, Stack size 8 bytes, iap_ui.o(.text))
<BR><BR>[Stack]<UL><LI>Max Depth = 304 + Unknown Stack Size
<LI>Call Chain = ota_ctrl_show_ready_info &rArr; iap_ui_show_upgrade_prepare &rArr; iap_ui_render_upgrade_screen &rArr; iap_ui_draw_progress_percent &rArr; iap_ui_draw_ascii_center &rArr; LCD_ShowString &rArr; LCD_ShowChar &rArr; LCD_DrawPoint &rArr; LCD_Address_Set &rArr; LCD_WR_REG &rArr; LCD_Writ_Bus
</UL>
<BR>[Calls]<UL><LI><a href="#[10f]">&gt;&gt;</a>&nbsp;&nbsp;&nbsp;iap_ui_show_upgrade_prepare
</UL>
<BR>[Called By]<UL><LI><a href="#[115]">&gt;&gt;</a>&nbsp;&nbsp;&nbsp;ota_ctrl_wait_for_upgrade_ready
</UL>

<P><STRONG><a name="[168]"></a>ota_ctrl_show_error_code</STRONG> (Thumb, 12 bytes, Stack size 16 bytes, iap_ui.o(.text))
<BR><BR>[Stack]<UL><LI>Max Depth = 320 + Unknown Stack Size
<LI>Call Chain = ota_ctrl_show_error_code &rArr; iap_ui_show_upgrade_failure &rArr; iap_ui_render_upgrade_screen &rArr; iap_ui_draw_progress_percent &rArr; iap_ui_draw_ascii_center &rArr; LCD_ShowString &rArr; LCD_ShowChar &rArr; LCD_DrawPoint &rArr; LCD_Address_Set &rArr; LCD_WR_REG &rArr; LCD_Writ_Bus
</UL>
<BR>[Calls]<UL><LI><a href="#[f7]">&gt;&gt;</a>&nbsp;&nbsp;&nbsp;iap_ui_show_upgrade_failure
</UL>
<BR>[Called By]<UL><LI><a href="#[115]">&gt;&gt;</a>&nbsp;&nbsp;&nbsp;ota_ctrl_wait_for_upgrade_ready
</UL>

<P><STRONG><a name="[169]"></a>ota_ctrl_show_ack_reject_reason</STRONG> (Thumb, 10 bytes, Stack size 8 bytes, iap_ui.o(.text))
<BR><BR>[Stack]<UL><LI>Max Depth = 312 + Unknown Stack Size
<LI>Call Chain = ota_ctrl_show_ack_reject_reason &rArr; iap_ui_show_upgrade_failure &rArr; iap_ui_render_upgrade_screen &rArr; iap_ui_draw_progress_percent &rArr; iap_ui_draw_ascii_center &rArr; LCD_ShowString &rArr; LCD_ShowChar &rArr; LCD_DrawPoint &rArr; LCD_Address_Set &rArr; LCD_WR_REG &rArr; LCD_Writ_Bus
</UL>
<BR>[Calls]<UL><LI><a href="#[f7]">&gt;&gt;</a>&nbsp;&nbsp;&nbsp;iap_ui_show_upgrade_failure
</UL>
<BR>[Called By]<UL><LI><a href="#[115]">&gt;&gt;</a>&nbsp;&nbsp;&nbsp;ota_ctrl_wait_for_upgrade_ready
</UL>

<P><STRONG><a name="[1fc]"></a>iap_show_version_lines</STRONG> (Thumb, 2 bytes, Stack size 0 bytes, iap_ui.o(.text), UNUSED)

<P><STRONG><a name="[117]"></a>iap_show_resume_decision</STRONG> (Thumb, 2 bytes, Stack size 0 bytes, iap_ui.o(.text))
<BR><BR>[Called By]<UL><LI><a href="#[10e]">&gt;&gt;</a>&nbsp;&nbsp;&nbsp;iap_main
</UL>

<P><STRONG><a name="[11f]"></a>iap_reset_ymodem_progress</STRONG> (Thumb, 14 bytes, Stack size 0 bytes, iap_ui.o(.text))
<BR><BR>[Called By]<UL><LI><a href="#[10e]">&gt;&gt;</a>&nbsp;&nbsp;&nbsp;iap_main
</UL>

<P><STRONG><a name="[60]"></a>iap_show_ymodem_progress</STRONG> (Thumb, 248 bytes, Stack size 32 bytes, iap_ui.o(.text))
<BR><BR>[Stack]<UL><LI>Max Depth = 320 + Unknown Stack Size
<LI>Call Chain = iap_show_ymodem_progress &rArr; iap_ui_render_upgrade_screen &rArr; iap_ui_draw_progress_percent &rArr; iap_ui_draw_ascii_center &rArr; LCD_ShowString &rArr; LCD_ShowChar &rArr; LCD_DrawPoint &rArr; LCD_Address_Set &rArr; LCD_WR_REG &rArr; LCD_Writ_Bus
</UL>
<BR>[Calls]<UL><LI><a href="#[164]">&gt;&gt;</a>&nbsp;&nbsp;&nbsp;iap_ui_render_upgrade_screen
<LI><a href="#[162]">&gt;&gt;</a>&nbsp;&nbsp;&nbsp;iap_ui_present_if_needed
<LI><a href="#[160]">&gt;&gt;</a>&nbsp;&nbsp;&nbsp;iap_ui_draw_progress_percent
<LI><a href="#[15f]">&gt;&gt;</a>&nbsp;&nbsp;&nbsp;iap_ui_draw_progress_bar
<LI><a href="#[10d]">&gt;&gt;</a>&nbsp;&nbsp;&nbsp;iap_feed_watchdog
</UL>
<BR>[Called By]<UL><LI><a href="#[10e]">&gt;&gt;</a>&nbsp;&nbsp;&nbsp;iap_main
</UL>
<BR>[Address Reference Count : 1]<UL><LI> iap.o(.text)
</UL>
<P><STRONG><a name="[16a]"></a>ota_ctrl_flush_uart</STRONG> (Thumb, 8 bytes, Stack size 8 bytes, iap_ctrl.o(.text))
<BR><BR>[Stack]<UL><LI>Max Depth = 32<LI>Call Chain = ota_ctrl_flush_uart &rArr; SerialResetRxState &rArr; uart_rx_ring_take_error_flags
</UL>
<BR>[Calls]<UL><LI><a href="#[a9]">&gt;&gt;</a>&nbsp;&nbsp;&nbsp;SerialResetRxState
</UL>
<BR>[Called By]<UL><LI><a href="#[115]">&gt;&gt;</a>&nbsp;&nbsp;&nbsp;ota_ctrl_wait_for_upgrade_ready
<LI><a href="#[16f]">&gt;&gt;</a>&nbsp;&nbsp;&nbsp;ota_ctrl_receive_frame
</UL>

<P><STRONG><a name="[119]"></a>ota_ctrl_send_go</STRONG> (Thumb, 74 bytes, Stack size 32 bytes, iap_ctrl.o(.text))
<BR><BR>[Stack]<UL><LI>Max Depth = 188<LI>Call Chain = ota_ctrl_send_go &rArr; ota_ctrl_send_frame &rArr; ota_ctrl_crc16
</UL>
<BR>[Calls]<UL><LI><a href="#[174]">&gt;&gt;</a>&nbsp;&nbsp;&nbsp;ota_ctrl_next_seq
<LI><a href="#[16c]">&gt;&gt;</a>&nbsp;&nbsp;&nbsp;ota_ctrl_send_frame
<LI><a href="#[173]">&gt;&gt;</a>&nbsp;&nbsp;&nbsp;ota_ctrl_write_u32le
<LI><a href="#[16d]">&gt;&gt;</a>&nbsp;&nbsp;&nbsp;ota_ctrl_write_u16le
</UL>
<BR>[Called By]<UL><LI><a href="#[10e]">&gt;&gt;</a>&nbsp;&nbsp;&nbsp;iap_main
</UL>

[...]
</UL>
<BR>[Called By]<UL><LI><a href="#[164]">&gt;&gt;</a>&nbsp;&nbsp;&nbsp;iap_ui_render_upgrade_screen
<LI><a href="#[60]">&gt;&gt;</a>&nbsp;&nbsp;&nbsp;iap_show_ymodem_progress
</UL>

<P><STRONG><a name="[162]"></a>iap_ui_present_if_needed</STRONG> (Thumb, 24 bytes, Stack size 8 bytes, iap_ui.o(.text))
<BR><BR>[Stack]<UL><LI>Max Depth = 8<LI>Call Chain = iap_ui_present_if_needed
</UL>
<BR>[Calls]<UL><LI><a href="#[8a]">&gt;&gt;</a>&nbsp;&nbsp;&nbsp;GPIO_SetBits
</UL>
<BR>[Called By]<UL><LI><a href="#[164]">&gt;&gt;</a>&nbsp;&nbsp;&nbsp;iap_ui_render_upgrade_screen
<LI><a href="#[126]">&gt;&gt;</a>&nbsp;&nbsp;&nbsp;iap_ui_show_upgrade_success
<LI><a href="#[10f]">&gt;&gt;</a>&nbsp;&nbsp;&nbsp;iap_ui_show_upgrade_prepare
<LI><a href="#[f7]">&gt;&gt;</a>&nbsp;&nbsp;&nbsp;iap_ui_show_upgrade_failure
<LI><a href="#[12e]">&gt;&gt;</a>&nbsp;&nbsp;&nbsp;iap_ui_show_boot_splash
<LI><a href="#[60]">&gt;&gt;</a>&nbsp;&nbsp;&nbsp;iap_show_ymodem_progress
</UL>

<P><STRONG><a name="[163]"></a>iap_ui_draw_upgrade_frame</STRONG> (Thumb, 78 bytes, Stack size 16 bytes, iap_ui.o(.text))
<BR><BR>[Stack]<UL><LI>Max Depth = 208<LI>Call Chain = iap_ui_draw_upgrade_frame &rArr; iap_ui_draw_zh_text_center &rArr; iap_ui_draw_zh_text &rArr; iap_ui_draw_mono_bitmap &rArr; LCD_DrawPoint &rArr; LCD_Address_Set &rArr; LCD_WR_REG &rArr; LCD_Writ_Bus
</UL>
<BR>[Calls]<UL><LI><a href="#[15c]">&gt;&gt;</a>&nbsp;&nbsp;&nbsp;iap_ui_draw_zh_text_center
<LI><a href="#[9b]">&gt;&gt;</a>&nbsp;&nbsp;&nbsp;LCD_DrawRectangle
<LI><a href="#[99]">&gt;&gt;</a>&nbsp;&nbsp;&nbsp;LCD_Fill
</UL>
<BR>[Called By]<UL><LI><a href="#[164]">&gt;&gt;</a>&nbsp;&nbsp;&nbsp;iap_ui_render_upgrade_screen
</UL>

<P><STRONG><a name="[164]"></a>iap_ui_render_upgrade_screen</STRONG> (Thumb, 86 bytes, Stack size 32 bytes, iap_ui.o(.text))
<BR><BR>[Stack]<UL><LI>Max Depth = 288 + Unknown Stack Size
<LI>Call Chain = iap_ui_render_upgrade_screen &rArr; iap_ui_draw_progress_percent &rArr; iap_ui_draw_ascii_center &rArr; LCD_ShowString &rArr; LCD_ShowChar &rArr; LCD_DrawPoint &rArr; LCD_Address_Set &rArr; LCD_WR_REG &rArr; LCD_Writ_Bus
</UL>
<BR>[Calls]<UL><LI><a href="#[163]">&gt;&gt;</a>&nbsp;&nbsp;&nbsp;iap_ui_draw_upgrade_frame
<LI><a href="#[162]">&gt;&gt;</a>&nbsp;&nbsp;&nbsp;iap_ui_present_if_needed
<LI><a href="#[160]">&gt;&gt;</a>&nbsp;&nbsp;&nbsp;iap_ui_draw_progress_percent
<LI><a href="#[15f]">&gt;&gt;</a>&nbsp;&nbsp;&nbsp;iap_ui_draw_progress_bar
<LI><a href="#[15c]">&gt;&gt;</a>&nbsp;&nbsp;&nbsp;iap_ui_draw_zh_text_center
<LI><a href="#[158]">&gt;&gt;</a>&nbsp;&nbsp;&nbsp;iap_ui_draw_ascii_center
</UL>
<BR>[Called By]<UL><LI><a href="#[11e]">&gt;&gt;</a>&nbsp;&nbsp;&nbsp;ota_ctrl_show_stage
<LI><a href="#[126]">&gt;&gt;</a>&nbsp;&nbsp;&nbsp;iap_ui_show_upgrade_success
<LI><a href="#[10f]">&gt;&gt;</a>&nbsp;&nbsp;&nbsp;iap_ui_show_upgrade_prepare
<LI><a href="#[f7]">&gt;&gt;</a>&nbsp;&nbsp;&nbsp;iap_ui_show_upgrade_failure
<LI><a href="#[60]">&gt;&gt;</a>&nbsp;&nbsp;&nbsp;iap_show_ymodem_progress
</UL>

<P><STRONG><a name="[16e]"></a>ota_ctrl_crc16</STRONG> (Thumb, 70 bytes, Stack size 12 bytes, iap_ctrl.o(.text))
<BR><BR>[Stack]<UL><LI>Max Depth = 12<LI>Call Chain = ota_ctrl_crc16
</UL>
<BR>[Called By]<UL><LI><a href="#[16f]">&gt;&gt;</a>&nbsp;&nbsp;&nbsp;ota_ctrl_receive_frame
<LI><a href="#[16c]">&gt;&gt;</a>&nbsp;&nbsp;&nbsp;ota_ctrl_send_frame
</UL>

<P><STRONG><a name="[16d]"></a>ota_ctrl_write_u16le</STRONG> (Thumb, 8 bytes, Stack size 0 bytes, iap_ctrl.o(.text))
<BR><BR>[Called By]<UL><LI><a href="#[f0]">&gt;&gt;</a>&nbsp;&nbsp;&nbsp;ota_ctrl_send_status
<LI><a href="#[10b]">&gt;&gt;</a>&nbsp;&nbsp;&nbsp;ota_ctrl_send_result
<LI><a href="#[119]">&gt;&gt;</a>&nbsp;&nbsp;&nbsp;ota_ctrl_send_go
<LI><a href="#[16c]">&gt;&gt;</a>&nbsp;&nbsp;&nbsp;ota_ctrl_send_frame
</UL>

<P><STRONG><a name="[173]"></a>ota_ctrl_write_u32le</STRONG> (Thumb, 16 bytes, Stack size 0 bytes, iap_ctrl.o(.text))
<BR><BR>[Called By]<UL><LI><a href="#[f0]">&gt;&gt;</a>&nbsp;&nbsp;&nbsp;ota_ctrl_send_status
<LI><a href="#[10b]">&gt;&gt;</a>&nbsp;&nbsp;&nbsp;ota_ctrl_send_result
<LI><a href="#[119]">&gt;&gt;</a>&nbsp;&nbsp;&nbsp;ota_ctrl_send_go
<LI><a href="#[171]">&gt;&gt;</a>&nbsp;&nbsp;&nbsp;ota_ctrl_prepare_request_payload
</UL>

<P><STRONG><a name="[170]"></a>ota_ctrl_read_u16le</STRONG> (Thumb, 12 bytes, Stack size 0 bytes, iap_ctrl.o(.text))
<BR><BR>[Called By]<UL><LI><a href="#[115]">&gt;&gt;</a>&nbsp;&nbsp;&nbsp;ota_ctrl_wait_for_upgrade_ready
<LI><a href="#[11a]">&gt;&gt;</a>&nbsp;&nbsp;&nbsp;ota_ctrl_wait_for_meta_image_header
<LI><a href="#[175]">&gt;&gt;</a>&nbsp;&nbsp;&nbsp;ota_ctrl_extract_ready_info
<LI><a href="#[16f]">&gt;&gt;</a>&nbsp;&nbsp;&nbsp;ota_ctrl_receive_frame
</UL>

<P><STRONG><a name="[177]"></a>ota_ctrl_read_u32le</STRONG> (Thumb, 24 bytes, Stack size 0 bytes, iap_ctrl.o(.text))
<BR><BR>[Called By]<UL><LI><a href="#[115]">&gt;&gt;</a>&nbsp;&nbsp;&nbsp;ota_ctrl_wait_for_upgrade_ready
<LI><a href="#[175]">&gt;&gt;</a>&nbsp;&nbsp;&nbsp;ota_ctrl_extract_ready_info
</UL>

<P><STRONG><a name="[172]"></a>ota_ctrl_fill_string</STRONG> (Thumb, 58 bytes, Stack size 8 bytes, iap_ctrl.o(.text))
<BR><BR>[Stack]<UL><LI>Max Depth = 8<LI>Call Chain = ota_ctrl_fill_string
</UL>
<BR>[Called By]<UL><LI><a href="#[171]">&gt;&gt;</a>&nbsp;&nbsp;&nbsp;ota_ctrl_prepare_request_payload
</UL>

<P><STRONG><a name="[176]"></a>ota_ctrl_copy_ascii</STRONG> (Thumb, 64 bytes, Stack size 12 bytes, iap_ctrl.o(.text))
<BR><BR>[Stack]<UL><LI>Max Depth = 12<LI>Call Chain = ota_ctrl_copy_ascii
</UL>
<BR>[Called By]<UL><LI><a href="#[175]">&gt;&gt;</a>&nbsp;&nbsp;&nbsp;ota_ctrl_extract_ready_info
</UL>

<P><STRONG><a name="[16b]"></a>ota_ctrl_read_byte_timeout</STRONG> (Thumb, 50 bytes, Stack size 24 bytes, iap_ctrl.o(.text))
<BR><BR>[Stack]<UL><LI>Max Depth = 48<LI>Call Chain = ota_ctrl_read_byte_timeout &rArr; SerialKeyPressed &rArr; uart_rx_ring_pop
</UL>
<BR>[Calls]<UL><LI><a href="#[d3]">&gt;&gt;</a>&nbsp;&nbsp;&nbsp;delay_us
<LI><a href="#[a3]">&gt;&gt;</a>&nbsp;&nbsp;&nbsp;SerialKeyPressed
</UL>
<BR>[Called By]<UL><LI><a href="#[16f]">&gt;&gt;</a>&nbsp;&nbsp;&nbsp;ota_ctrl_receive_frame
</UL>

<P><STRONG><a name="[16c]"></a>ota_ctrl_send_frame</STRONG> (Thumb, 150 bytes, Stack size 144 bytes, iap_ctrl.o(.text))
<BR><BR>[Stack]<UL><LI>Max Depth = 156<LI>Call Chain = ota_ctrl_send_frame &rArr; ota_ctrl_crc16
</UL>
<BR>[Calls]<UL><LI><a href="#[a5]">&gt;&gt;</a>&nbsp;&nbsp;&nbsp;SerialPutChar
<LI><a href="#[16d]">&gt;&gt;</a>&nbsp;&nbsp;&nbsp;ota_ctrl_write_u16le
<LI><a href="#[16e]">&gt;&gt;</a>&nbsp;&nbsp;&nbsp;ota_ctrl_crc16
</UL>
<BR>[Called By]<UL><LI><a href="#[115]">&gt;&gt;</a>&nbsp;&nbsp;&nbsp;ota_ctrl_wait_for_upgrade_ready
<LI><a href="#[f0]">&gt;&gt;</a>&nbsp;&nbsp;&nbsp;ota_ctrl_send_status
<LI><a href="#[10b]">&gt;&gt;</a>&nbsp;&nbsp;&nbsp;ota_ctrl_send_result
<LI><a href="#[119]">&gt;&gt;</a>&nbsp;&nbsp;&nbsp;ota_ctrl_send_go
</UL>

<P><STRONG><a name="[16f]"></a>ota_ctrl_receive_frame</STRONG> (Thumb, 578 bytes, Stack size 152 bytes, iap_ctrl.o(.text))
<BR><BR>[Stack]<UL><LI>Max Depth = 200<LI>Call Chain = ota_ctrl_receive_frame &rArr; ota_ctrl_read_byte_timeout &rArr; SerialKeyPressed &rArr; uart_rx_ring_pop
</UL>
<BR>[Calls]<UL><LI><a href="#[16a]">&gt;&gt;</a>&nbsp;&nbsp;&nbsp;ota_ctrl_flush_uart
<LI><a href="#[16b]">&gt;&gt;</a>&nbsp;&nbsp;&nbsp;ota_ctrl_read_byte_timeout
<LI><a href="#[170]">&gt;&gt;</a>&nbsp;&nbsp;&nbsp;ota_ctrl_read_u16le
<LI><a href="#[16e]">&gt;&gt;</a>&nbsp;&nbsp;&nbsp;ota_ctrl_crc16
</UL>
<BR>[Called By]<UL><LI><a href="#[115]">&gt;&gt;</a>&nbsp;&nbsp;&nbsp;ota_ctrl_wait_for_upgrade_ready
<LI><a href="#[11a]">&gt;&gt;</a>&nbsp;&nbsp;&nbsp;ota_ctrl_wait_for_meta_image_header
</UL>

<P><STRONG><a name="[174]"></a>ota_ctrl_next_seq</STRONG> (Thumb, 28 bytes, Stack size 0 bytes, iap_ctrl.o(.text))
<BR><BR>[Called By]<UL><LI><a href="#[115]">&gt;&gt;</a>&nbsp;&nbsp;&nbsp;ota_ctrl_wait_for_upgrade_ready
<LI><a href="#[f0]">&gt;&gt;</a>&nbsp;&nbsp;&nbsp;ota_ctrl_send_status
<LI><a href="#[10b]">&gt;&gt;</a>&nbsp;&nbsp;&nbsp;ota_ctrl_send_result
<LI><a href="#[119]">&gt;&gt;</a>&nbsp;&nbsp;&nbsp;ota_ctrl_send_go
</UL>

<P><STRONG><a name="[171]"></a>ota_ctrl_prepare_request_payload</STRONG> (Thumb, 138 bytes, Stack size 32 bytes, iap_ctrl.o(.text))
<BR><BR>[Stack]<UL><LI>Max Depth = 40<LI>Call Chain = ota_ctrl_prepare_request_payload &rArr; ota_ctrl_fill_string
</UL>
<BR>[Calls]<UL><LI><a href="#[172]">&gt;&gt;</a>&nbsp;&nbsp;&nbsp;ota_ctrl_fill_string
<LI><a href="#[173]">&gt;&gt;</a>&nbsp;&nbsp;&nbsp;ota_ctrl_write_u32le
</UL>
<BR>[Called By]<UL><LI><a href="#[115]">&gt;&gt;</a>&nbsp;&nbsp;&nbsp;ota_ctrl_wait_for_upgrade_ready
</UL>

<P><STRONG><a name="[175]"></a>ota_ctrl_extract_ready_info</STRONG> (Thumb, 114 bytes, Stack size 16 bytes, iap_ctrl.o(.text))
<BR><BR>[Stack]<UL><LI>Max Depth = 28<LI>Call Chain = ota_ctrl_extract_ready_info &rArr; version_text_is_valid
</UL>
<BR>[Calls]<UL><LI><a href="#[133]">&gt;&gt;</a>&nbsp;&nbsp;&nbsp;version_text_is_valid
<LI><a href="#[176]">&gt;&gt;</a>&nbsp;&nbsp;&nbsp;ota_ctrl_copy_ascii
<LI><a href="#[177]">&gt;&gt;</a>&nbsp;&nbsp;&nbsp;ota_ctrl_read_u32le
<LI><a href="#[170]">&gt;&gt;</a>&nbsp;&nbsp;&nbsp;ota_ctrl_read_u16le
<LI><a href="#[b8]">&gt;&gt;</a>&nbsp;&nbsp;&nbsp;__aeabi_memclr4
<LI><a href="#[ba]">&gt;&gt;</a>&nbsp;&nbsp;&nbsp;__aeabi_memcpy
</UL>
<BR>[Called By]<UL><LI><a href="#[115]">&gt;&gt;</a>&nbsp;&nbsp;&nbsp;ota_ctrl_wait_for_upgrade_ready
</UL>

<P><STRONG><a name="[178]"></a>ota_ctrl_is_ready_status_frame</STRONG> (Thumb, 38 bytes, Stack size 0 bytes, iap_ctrl.o(.text))
<BR><BR>[Called By]<UL><LI><a href="#[115]">&gt;&gt;</a>&nbsp;&nbsp;&nbsp;ota_ctrl_wait_for_upgrade_ready
</UL>

<P><STRONG><a name="[180]"></a>iap_set_header_error</STRONG> (Thumb, 22 bytes, Stack size 16 bytes, iap_auth.o(.text))
<BR><BR>[Stack]<UL><LI>Max Depth = 16<LI>Call Chain = iap_set_header_error
</UL>
<BR>[Calls]<UL><LI><a href="#[c9]">&gt;&gt;</a>&nbsp;&nbsp;&nbsp;Ymodem_SetError
</UL>
<BR>[Called By]<UL><LI><a href="#[5e]">&gt;&gt;</a>&nbsp;&nbsp;&nbsp;iap_validate_received_header
</UL>

<P><STRONG><a name="[181]"></a>iap_auth_diag_reset</STRONG> (Thumb, 16 bytes, Stack size 8 bytes, iap_auth.o(.text))
<BR><BR>[Stack]<UL><LI>Max Depth = 8<LI>Call Chain = iap_auth_diag_reset
</UL>
<BR>[Calls]<UL><LI><a href="#[182]">&gt;&gt;</a>&nbsp;&nbsp;&nbsp;__aeabi_memclr
</UL>
<BR>[Called By]<UL><LI><a href="#[122]">&gt;&gt;</a>&nbsp;&nbsp;&nbsp;iap_authorize_received_image
</UL>

<P><STRONG><a name="[183]"></a>ota_sha256_self_test</STRONG> (Thumb, 42 bytes, Stack size 40 bytes, iap_auth.o(.text))
<BR><BR>[Stack]<UL><LI>Max Depth = 528<LI>Call Chain = ota_sha256_self_test &rArr; OtaSha256_Compute &rArr; OtaSha256_Final &rArr; ota_sha256_transform
</UL>
<BR>[Calls]<UL><LI><a href="#[be]">&gt;&gt;</a>&nbsp;&nbsp;&nbsp;OtaSha256_Compute
<LI><a href="#[ca]">&gt;&gt;</a>&nbsp;&nbsp;&nbsp;memcmp
</UL>
<BR>[Called By]<UL><LI><a href="#[122]">&gt;&gt;</a>&nbsp;&nbsp;&nbsp;iap_authorize_received_image
</UL>

<P><STRONG><a name="[184]"></a>iap_compute_flash_hash</STRONG> (Thumb, 40 bytes, Stack size 16 bytes, iap_auth.o(.text))
<BR><BR>[Stack]<UL><LI>Max Depth = 504<LI>Call Chain = iap_compute_flash_hash &rArr; OtaSha256_Compute &rArr; OtaSha256_Final &rArr; ota_sha256_transform
</UL>
<BR>[Calls]<UL><LI><a href="#[be]">&gt;&gt;</a>&nbsp;&nbsp;&nbsp;OtaSha256_Compute
</UL>
<BR>[Called By]<UL><LI><a href="#[122]">&gt;&gt;</a>&nbsp;&nbsp;&nbsp;iap_authorize_received_image
</UL>

<P><STRONG><a name="[185]"></a>ota_rsa_words_zero</STRONG> (Thumb, 16 bytes, Stack size 8 bytes, iap_auth.o(.text))
<BR><BR>[Stack]<UL><LI>Max Depth = 12<LI>Call Chain = ota_rsa_words_zero &rArr; __aeabi_memclr4
</UL>
<BR>[Calls]<UL><LI><a href="#[b8]">&gt;&gt;</a>&nbsp;&nbsp;&nbsp;__aeabi_memclr4
</UL>
<BR>[Called By]<UL><LI><a href="#[18e]">&gt;&gt;</a>&nbsp;&nbsp;&nbsp;ota_rsa_verify_signature
<LI><a href="#[18d]">&gt;&gt;</a>&nbsp;&nbsp;&nbsp;ota_rsa_words_from_bytes_be
<LI><a href="#[18c]">&gt;&gt;</a>&nbsp;&nbsp;&nbsp;ota_rsa_mod_mul
</UL>

<P><STRONG><a name="[186]"></a>ota_rsa_words_copy</STRONG> (Thumb, 20 bytes, Stack size 16 bytes, iap_auth.o(.text))
<BR><BR>[Stack]<UL><LI>Max Depth = 24<LI>Call Chain = ota_rsa_words_copy &rArr; __aeabi_memcpy4
</UL>
<BR>[Calls]<UL><LI><a href="#[cb]">&gt;&gt;</a>&nbsp;&nbsp;&nbsp;__aeabi_memcpy4
</UL>
<BR>[Called By]<UL><LI><a href="#[18e]">&gt;&gt;</a>&nbsp;&nbsp;&nbsp;ota_rsa_verify_signature
<LI><a href="#[18c]">&gt;&gt;</a>&nbsp;&nbsp;&nbsp;ota_rsa_mod_mul
<LI><a href="#[18b]">&gt;&gt;</a>&nbsp;&nbsp;&nbsp;ota_rsa_mod_double_inplace
<LI><a href="#[187]">&gt;&gt;</a>&nbsp;&nbsp;&nbsp;ota_rsa_mod_add_inplace
</UL>

<P><STRONG><a name="[189]"></a>ota_rsa_words_compare</STRONG> (Thumb, 56 bytes, Stack size 8 bytes, iap_auth.o(.text))
<BR><BR>[Stack]<UL><LI>Max Depth = 8<LI>Call Chain = ota_rsa_words_compare
</UL>
<BR>[Called By]<UL><LI><a href="#[18e]">&gt;&gt;</a>&nbsp;&nbsp;&nbsp;ota_rsa_verify_signature
<LI><a href="#[18b]">&gt;&gt;</a>&nbsp;&nbsp;&nbsp;ota_rsa_mod_double_inplace
<LI><a href="#[187]">&gt;&gt;</a>&nbsp;&nbsp;&nbsp;ota_rsa_mod_add_inplace
</UL>

<P><STRONG><a name="[18a]"></a>ota_rsa_words_add</STRONG> (Thumb, 66 bytes, Stack size 28 bytes, iap_auth.o(.text))
<BR><BR>[Stack]<UL><LI>Max Depth = 28<LI>Call Chain = ota_rsa_words_add
</UL>
<BR>[Called By]<UL><LI><a href="#[18b]">&gt;&gt;</a>&nbsp;&nbsp;&nbsp;ota_rsa_mod_double_inplace
<LI><a href="#[187]">&gt;&gt;</a>&nbsp;&nbsp;&nbsp;ota_rsa_mod_add_inplace
</UL>

<P><STRONG><a name="[188]"></a>ota_rsa_words_sub_inplace</STRONG> (Thumb, 98 bytes, Stack size 32 bytes, iap_auth.o(.text))
<BR><BR>[Stack]<UL><LI>Max Depth = 32<LI>Call Chain = ota_rsa_words_sub_inplace
</UL>
<BR>[Called By]<UL><LI><a href="#[18b]">&gt;&gt;</a>&nbsp;&nbsp;&nbsp;ota_rsa_mod_double_inplace
<LI><a href="#[187]">&gt;&gt;</a>&nbsp;&nbsp;&nbsp;ota_rsa_mod_add_inplace
</UL>

<P><STRONG><a name="[187]"></a>ota_rsa_mod_add_inplace</STRONG> (Thumb, 60 bytes, Stack size 272 bytes, iap_auth.o(.text))
<BR><BR>[Stack]<UL><LI>Max Depth = 304<LI>Call Chain = ota_rsa_mod_add_inplace &rArr; ota_rsa_words_sub_inplace
</UL>
<BR>[Calls]<UL><LI><a href="#[188]">&gt;&gt;</a>&nbsp;&nbsp;&nbsp;ota_rsa_words_sub_inplace
<LI><a href="#[18a]">&gt;&gt;</a>&nbsp;&nbsp;&nbsp;ota_rsa_words_add
<LI><a href="#[189]">&gt;&gt;</a>&nbsp;&nbsp;&nbsp;ota_rsa_words_compare
<LI><a href="#[186]">&gt;&gt;</a>&nbsp;&nbsp;&nbsp;ota_rsa_words_copy
</UL>
<BR>[Called By]<UL><LI><a href="#[18c]">&gt;&gt;</a>&nbsp;&nbsp;&nbsp;ota_rsa_mod_mul
</UL>

<P><STRONG><a name="[18b]"></a>ota_rsa_mod_double_inplace</STRONG> (Thumb, 58 bytes, Stack size 272 bytes, iap_auth.o(.text))
<BR><BR>[Stack]<UL><LI>Max Depth = 304<LI>Call Chain = ota_rsa_mod_double_inplace &rArr; ota_rsa_words_sub_inplace
</UL>
<BR>[Calls]<UL><LI><a href="#[188]">&gt;&gt;</a>&nbsp;&nbsp;&nbsp;ota_rsa_words_sub_inplace
<LI><a href="#[18a]">&gt;&gt;</a>&nbsp;&nbsp;&nbsp;ota_rsa_words_add
<LI><a href="#[189]">&gt;&gt;</a>&nbsp;&nbsp;&nbsp;ota_rsa_words_compare
<LI><a href="#[186]">&gt;&gt;</a>&nbsp;&nbsp;&nbsp;ota_rsa_words_copy
</UL>
<BR>[Called By]<UL><LI><a href="#[18c]">&gt;&gt;</a>&nbsp;&nbsp;&nbsp;ota_rsa_mod_mul
</UL>

<P><STRONG><a name="[18c]"></a>ota_rsa_mod_mul</STRONG> (Thumb, 106 bytes, Stack size 544 bytes, iap_auth.o(.text))
<BR><BR>[Stack]<UL><LI>Max Depth = 848<LI>Call Chain = ota_rsa_mod_mul &rArr; ota_rsa_mod_double_inplace &rArr; ota_rsa_words_sub_inplace
</UL>
<BR>[Calls]<UL><LI><a href="#[18b]">&gt;&gt;</a>&nbsp;&nbsp;&nbsp;ota_rsa_mod_double_inplace
<LI><a href="#[187]">&gt;&gt;</a>&nbsp;&nbsp;&nbsp;ota_rsa_mod_add_inplace
<LI><a href="#[186]">&gt;&gt;</a>&nbsp;&nbsp;&nbsp;ota_rsa_words_copy
<LI><a href="#[185]">&gt;&gt;</a>&nbsp;&nbsp;&nbsp;ota_rsa_words_zero
</UL>
<BR>[Called By]<UL><LI><a href="#[18e]">&gt;&gt;</a>&nbsp;&nbsp;&nbsp;ota_rsa_verify_signature
</UL>

<P><STRONG><a name="[18d]"></a>ota_rsa_words_from_bytes_be</STRONG> (Thumb, 74 bytes, Stack size 24 bytes, iap_auth.o(.text))
<BR><BR>[Stack]<UL><LI>Max Depth = 36<LI>Call Chain = ota_rsa_words_from_bytes_be &rArr; ota_rsa_words_zero &rArr; __aeabi_memclr4
</UL>
<BR>[Calls]<UL><LI><a href="#[185]">&gt;&gt;</a>&nbsp;&nbsp;&nbsp;ota_rsa_words_zero
</UL>
<BR>[Called By]<UL><LI><a href="#[18e]">&gt;&gt;</a>&nbsp;&nbsp;&nbsp;ota_rsa_verify_signature
</UL>

<P><STRONG><a name="[18f]"></a>ota_rsa_words_to_bytes_be</STRONG> (Thumb, 348 bytes, Stack size 20 bytes, iap_auth.o(.text))
<BR><BR>[Stack]<UL><LI>Max Depth = 20<LI>Call Chain = ota_rsa_words_to_bytes_be
</UL>
<BR>[Called By]<UL><LI><a href="#[18e]">&gt;&gt;</a>&nbsp;&nbsp;&nbsp;ota_rsa_verify_signature
</UL>

<P><STRONG><a name="[18e]"></a>ota_rsa_verify_signature</STRONG> (Thumb, 274 bytes, Stack size 1304 bytes, iap_auth.o(.text))
<BR><BR>[Stack]<UL><LI>Max Depth = 2152<LI>Call Chain = ota_rsa_verify_signature &rArr; ota_rsa_mod_mul &rArr; ota_rsa_mod_double_inplace &rArr; ota_rsa_words_sub_inplace
</UL>
<BR>[Calls]<UL><LI><a href="#[18f]">&gt;&gt;</a>&nbsp;&nbsp;&nbsp;ota_rsa_words_to_bytes_be
<LI><a href="#[18d]">&gt;&gt;</a>&nbsp;&nbsp;&nbsp;ota_rsa_words_from_bytes_be
<LI><a href="#[18c]">&gt;&gt;</a>&nbsp;&nbsp;&nbsp;ota_rsa_mod_mul
<LI><a href="#[189]">&gt;&gt;</a>&nbsp;&nbsp;&nbsp;ota_rsa_words_compare
<LI><a href="#[186]">&gt;&gt;</a>&nbsp;&nbsp;&nbsp;ota_rsa_words_copy
<LI><a href="#[185]">&gt;&gt;</a>&nbsp;&nbsp;&nbsp;ota_rsa_words_zero
<LI><a href="#[ca]">&gt;&gt;</a>&nbsp;&nbsp;&nbsp;memcmp
</UL>
<BR>[Called By]<UL><LI><a href="#[11b]">&gt;&gt;</a>&nbsp;&nbsp;&nbsp;iap_verify_image_header_signature
<LI><a href="#[122]">&gt;&gt;</a>&nbsp;&nbsp;&nbsp;iap_authorize_received_image
</UL>

<P><STRONG><a name="[190]"></a>iap_serial_put_hex_byte</STRONG> (Thumb, 30 bytes, Stack size 8 bytes, iap_auth.o(.text))
<BR><BR>[Stack]<UL><LI>Max Depth = 24<LI>Call Chain = iap_serial_put_hex_byte &rArr; Send_Byte &rArr; SerialPutChar
</UL>
<BR>[Calls]<UL><LI><a href="#[d8]">&gt;&gt;</a>&nbsp;&nbsp;&nbsp;Send_Byte
</UL>
<BR>[Called By]<UL><LI><a href="#[191]">&gt;&gt;</a>&nbsp;&nbsp;&nbsp;iap_serial_put_hash_prefix
</UL>

<P><STRONG><a name="[191]"></a>iap_serial_put_hash_prefix</STRONG> (Thumb, 50 bytes, Stack size 24 bytes, iap_auth.o(.text))
<BR><BR>[Stack]<UL><LI>Max Depth = 48<LI>Call Chain = iap_serial_put_hash_prefix &rArr; iap_serial_put_hex_byte &rArr; Send_Byte &rArr; SerialPutChar
</UL>
<BR>[Calls]<UL><LI><a href="#[a8]">&gt;&gt;</a>&nbsp;&nbsp;&nbsp;Serial_PutString
<LI><a href="#[190]">&gt;&gt;</a>&nbsp;&nbsp;&nbsp;iap_serial_put_hex_byte
</UL>
<BR>[Called By]<UL><LI><a href="#[123]">&gt;&gt;</a>&nbsp;&nbsp;&nbsp;iap_serial_report_auth_failure
</UL>

<P><STRONG><a name="[192]"></a>iap_serial_put_u32</STRONG> (Thumb, 60 bytes, Stack size 24 bytes, iap_auth.o(.text))
<BR><BR>[Stack]<UL><LI>Max Depth = 40<LI>Call Chain = iap_serial_put_u32 &rArr; Send_Byte &rArr; SerialPutChar
</UL>
<BR>[Calls]<UL><LI><a href="#[d8]">&gt;&gt;</a>&nbsp;&nbsp;&nbsp;Send_Byte
</UL>
<BR>[Called By]<UL><LI><a href="#[112]">&gt;&gt;</a>&nbsp;&nbsp;&nbsp;iap_serial_report_txn_load
</UL>

<P><STRONG><a name="[195]"></a>iap_txn_load_source_text</STRONG> (Thumb, 32 bytes, Stack size 0 bytes, iap_auth.o(.text))
<BR><BR>[Called By]<UL><LI><a href="#[112]">&gt;&gt;</a>&nbsp;&nbsp;&nbsp;iap_serial_report_txn_load
</UL>

<P><STRONG><a name="[1b2]"></a>__get_PRIMASK</STRONG> (Thumb, 6 bytes, Stack size 0 bytes, uart_rx_ring.o(.text))
<BR><BR>[Called By]<UL><LI><a href="#[aa]">&gt;&gt;</a>&nbsp;&nbsp;&nbsp;uart_rx_ring_take_error_flags
<LI><a href="#[a4]">&gt;&gt;</a>&nbsp;&nbsp;&nbsp;uart_rx_ring_pop
<LI><a href="#[7f]">&gt;&gt;</a>&nbsp;&nbsp;&nbsp;uart_rx_ring_reset
<LI><a href="#[1b3]">&gt;&gt;</a>&nbsp;&nbsp;&nbsp;uart_rx_ring_peek_error_flags
</UL>

<P><STRONG><a name="[66]"></a>_printf_input_char</STRONG> (Thumb, 10 bytes, Stack size 0 bytes, _printf_char_common.o(.text))
<BR>[Address Reference Count : 1]<UL><LI> _printf_char_common.o(.text)
</UL><P>
<H3>
Undefined Global Symbols
</H3><HR></body></html>
