<html>
<body>
<pre>
<h1>µVision Build Log</h1>
<h2>Tool Versions:</h2>
IDE-Version: ¦ÌVision V5.25.2.0
Copyright (C) 2018 ARM Ltd and ARM Germany GmbH. All rights reserved.
License Information: qw 2651221600@qq.com, qw, LIC=FYKYW-QK7T0-BS1YX-HIJUL-ULX24-GUCSD
 
Tool Versions:
Toolchain:       MDK-ARM Plus  Version: 5.25.2.0
Toolchain Path:  F:\keil5\ARM\ARMCC\Bin
C Compiler:      Armcc.exe V5.06 update 6 (build 750)
Assembler:       Armasm.exe V5.06 update 6 (build 750)
Linker/Locator:  ArmLink.exe V5.06 update 6 (build 750)
Library Manager: ArmAr.exe V5.06 update 6 (build 750)
Hex Converter:   FromElf.exe V5.06 update 6 (build 750)
CPU DLL:         SARMCM3.DLL V5.25.2.0
Dialog DLL:      DCM.DLL V1.17.1.0
Target DLL:      STLink\ST-LINKIII-KEIL_SWO.dll V3.0.1.0
Dialog DLL:      TCM.DLL V1.35.1.0
 
<h2>Project:</h2>
E:\26512VSS\source\repos\IAP\IAPWinForms_phase3\firmware\stm32F405RGT6-RedPic1-APP1\USER\LCD.uvprojx
Project File Date:  04/27/2026

<h2>Output:</h2>
*** Using Compiler 'V5.06 update 6 (build 750)', folder: 'F:\keil5\ARM\ARMCC\Bin'
Rebuild target 'OLED'
assembling startup_stm32f40_41xxx.s...
compiling app_shell.c...
compiling usart.c...
compiling system_stm32f4xx.c...
compiling uart_rx_ring.c...
compiling stm32f4xx_it.c...
compiling app_service_bus.c...
compiling sys.c...
compiling redpic1_app.c...
compiling delay.c...
compiling main.c...
compiling app_perf_baseline.c...
compiling redpic1_thermal.c...
compiling thermal_pair.c...
compiling esp_sync_service.c...
compiling thermal_visual.c...
compiling thermal_frame_slot.c...
compiling app_display_runtime.c...
compiling ui_manager.c...
compiling thermal_cloud.c...
compiling thermal_capture.c...
compiling ui_renderer.c...
compiling esp_host_service.c...
compiling rtc_lp_service.c...
compiling power_manager.c...
compiling page_registry.c...
compiling clock_profile_service.c...
compiling app_pm_registry.c...
compiling settings_service.c...
compiling iwdg.c...
compiling low_power_runtime.c...
compiling common.c...
compiling watchdog_supervisor.c...
compiling flash_if.c...
compiling iap.c...
compiling watchdog_service.c...
compiling ota_menu.c...
compiling ota_service.c...
compiling lcd_init.c...
compiling lcd.c...
compiling MLX90640.c...
compiling adc.c...
compiling lcd_dma.c...
compiling key.c...
compiling MLX90640_API.c...
compiling MLX90640_I2C_Driver.c...
compiling exti_key.c...
compiling led.c...
compiling battery_monitor.c...
compiling croutine.c...
compiling gpio_pm_service.c...
compiling port.c...
compiling list.c...
compiling event_groups.c...
compiling timers.c...
compiling heap_4.c...
compiling queue.c...
compiling misc.c...
compiling stm32f4xx_gpio.c...
compiling stm32f4xx_usart.c...
compiling tasks.c...
compiling stm32f4xx_rcc.c...
compiling stm32f4xx_can.c...
compiling stm32f4xx_syscfg.c...
compiling stm32f4xx_dcmi.c...
compiling stm32f4xx_dac.c...
compiling stm32f4xx_crc.c...
compiling stm32f4xx_adc.c...
compiling stm32f4xx_cryp_tdes.c...
compiling stm32f4xx_dbgmcu.c...
compiling stm32f4xx_cryp_des.c...
compiling stm32f4xx_cryp.c...
compiling stm32f4xx_dma.c...
compiling stm32f4xx_cryp_aes.c...
compiling stm32f4xx_flash_ramfunc.c...
compiling stm32f4xx_exti.c...
compiling stm32f4xx_dma2d.c...
compiling stm32f4xx_hash_sha1.c...
compiling stm32f4xx_i2c.c...
compiling stm32f4xx_hash_md5.c...
compiling stm32f4xx_iwdg.c...
compiling stm32f4xx_hash.c...
compiling stm32f4xx_flash.c...
compiling stm32f4xx_ltdc.c...
compiling stm32f4xx_pwr.c...
compiling stm32f4xx_rng.c...
compiling arm_mat_trans_f32.c...
compiling stm32f4xx_rtc.c...
compiling stm32f4xx_sdio.c...
compiling stm32f4xx_sai.c...
compiling stm32f4xx_tim.c...
compiling stm32f4xx_spi.c...
compiling stm32f4xx_wwdg.c...
linking...
Program Size: Code=133720 RO-data=24320 RW-data=48144 ZI-data=88184  
FromELF: creating hex file...
After Build - User command #1: F:\keil5\ARM\ARMCC\bin\fromelf.exe --bin -o  E:\26512VSS\source\repos\IAP\IAPWinForms_phase3\ota-release\keys\LCD_app1.bin  ..\OBJ\RedPic1_APP1.axf
"..\OBJ\RedPic1_APP1.axf" - 0 Error(s), 0 Warning(s).

<h2>Software Packages used:</h2>

Package Vendor: Keil
                https://www.keil.com/pack/Keil.STM32F4xx_DFP.2.17.1.pack
                Keil.STM32F4xx_DFP.2.17.1
                STMicroelectronics STM32F4 Series Device Support, Drivers and Examples

<h2>Collection of Component include folders:</h2>
  .\RTE\_OLED
  F:\keil5\ARM\PACK\Keil\STM32F4xx_DFP\2.17.1\Drivers\CMSIS\Device\ST\STM32F4xx\Include

<h2>Collection of Component Files used:</h2>
Build Time Elapsed:  00:00:17
</pre>
</body>
</html>
